Archive member included because of file (symbol)

/media/trandi/SSD_DATA/progsDan/TI/StellarisWare_LM4F120/driverlib/gcc-cm4f/libdriver-cm4f.a(gpio.o)
                              ./main.o (GPIOPinWrite)
/media/trandi/SSD_DATA/progsDan/TI/StellarisWare_LM4F120/driverlib/gcc-cm4f/libdriver-cm4f.a(interrupt.o)
                              /media/trandi/SSD_DATA/progsDan/TI/StellarisWare_LM4F120/driverlib/gcc-cm4f/libdriver-cm4f.a(gpio.o) (IntRegister)
/media/trandi/SSD_DATA/progsDan/TI/StellarisWare_LM4F120/driverlib/gcc-cm4f/libdriver-cm4f.a(sysctl.o)
                              ./uartstdio.o (SysCtlPeripheralPresent)
/media/trandi/SSD_DATA/progsDan/TI/StellarisWare_LM4F120/driverlib/gcc-cm4f/libdriver-cm4f.a(timer.o)
                              ./main.o (TimerEnable)
/media/trandi/SSD_DATA/progsDan/TI/StellarisWare_LM4F120/driverlib/gcc-cm4f/libdriver-cm4f.a(uart.o)
                              ./main.o (UARTEnable)
/media/trandi/SSD_DATA/progsDan/TI/StellarisWare_LM4F120/driverlib/gcc-cm4f/libdriver-cm4f.a(cpu.o)
                              /media/trandi/SSD_DATA/progsDan/TI/StellarisWare_LM4F120/driverlib/gcc-cm4f/libdriver-cm4f.a(interrupt.o) (CPUcpsid)
/home/trandi/ti/ccsv6/tools/compiler/gcc-arm-none-eabi-4_9-2015q3/bin/../lib/gcc/arm-none-eabi/4.9.3/../../../../arm-none-eabi/lib/armv7e-m/softfp/libc.a(lib_a-exit.o)
                              /home/trandi/ti/ccsv6/tools/compiler/gcc-arm-none-eabi-4_9-2015q3/bin/../lib/gcc/arm-none-eabi/4.9.3/../../../../arm-none-eabi/lib/armv7e-m/softfp/crt0.o (exit)
/home/trandi/ti/ccsv6/tools/compiler/gcc-arm-none-eabi-4_9-2015q3/bin/../lib/gcc/arm-none-eabi/4.9.3/../../../../arm-none-eabi/lib/armv7e-m/softfp/libc.a(lib_a-impure.o)
                              /home/trandi/ti/ccsv6/tools/compiler/gcc-arm-none-eabi-4_9-2015q3/bin/../lib/gcc/arm-none-eabi/4.9.3/../../../../arm-none-eabi/lib/armv7e-m/softfp/libc.a(lib_a-exit.o) (_global_impure_ptr)
/home/trandi/ti/ccsv6/tools/compiler/gcc-arm-none-eabi-4_9-2015q3/bin/../lib/gcc/arm-none-eabi/4.9.3/../../../../arm-none-eabi/lib/armv7e-m/softfp/libc.a(lib_a-init.o)
                              /home/trandi/ti/ccsv6/tools/compiler/gcc-arm-none-eabi-4_9-2015q3/bin/../lib/gcc/arm-none-eabi/4.9.3/../../../../arm-none-eabi/lib/armv7e-m/softfp/crt0.o (__libc_init_array)
/home/trandi/ti/ccsv6/tools/compiler/gcc-arm-none-eabi-4_9-2015q3/bin/../lib/gcc/arm-none-eabi/4.9.3/../../../../arm-none-eabi/lib/armv7e-m/softfp/libc.a(lib_a-memset.o)
                              /home/trandi/ti/ccsv6/tools/compiler/gcc-arm-none-eabi-4_9-2015q3/bin/../lib/gcc/arm-none-eabi/4.9.3/../../../../arm-none-eabi/lib/armv7e-m/softfp/crt0.o (memset)
/home/trandi/ti/ccsv6/tools/compiler/gcc-arm-none-eabi-4_9-2015q3/bin/../lib/gcc/arm-none-eabi/4.9.3/../../../../arm-none-eabi/lib/armv7e-m/softfp/libc.a(lib_a-__call_atexit.o)
                              /home/trandi/ti/ccsv6/tools/compiler/gcc-arm-none-eabi-4_9-2015q3/bin/../lib/gcc/arm-none-eabi/4.9.3/../../../../arm-none-eabi/lib/armv7e-m/softfp/libc.a(lib_a-exit.o) (__call_exitprocs)
/home/trandi/ti/ccsv6/tools/compiler/gcc-arm-none-eabi-4_9-2015q3/bin/../lib/gcc/arm-none-eabi/4.9.3/../../../../arm-none-eabi/lib/armv7e-m/softfp/libc.a(lib_a-atexit.o)
                              /home/trandi/ti/ccsv6/tools/compiler/gcc-arm-none-eabi-4_9-2015q3/bin/../lib/gcc/arm-none-eabi/4.9.3/../../../../arm-none-eabi/lib/armv7e-m/softfp/libc.a(lib_a-__call_atexit.o) (atexit)
/home/trandi/ti/ccsv6/tools/compiler/gcc-arm-none-eabi-4_9-2015q3/bin/../lib/gcc/arm-none-eabi/4.9.3/../../../../arm-none-eabi/lib/armv7e-m/softfp/libc.a(lib_a-fini.o)
                              /home/trandi/ti/ccsv6/tools/compiler/gcc-arm-none-eabi-4_9-2015q3/bin/../lib/gcc/arm-none-eabi/4.9.3/../../../../arm-none-eabi/lib/armv7e-m/softfp/libc.a(lib_a-__call_atexit.o) (__libc_fini_array)
/home/trandi/ti/ccsv6/tools/compiler/gcc-arm-none-eabi-4_9-2015q3/bin/../lib/gcc/arm-none-eabi/4.9.3/../../../../arm-none-eabi/lib/armv7e-m/softfp/libc.a(lib_a-__atexit.o)
                              /home/trandi/ti/ccsv6/tools/compiler/gcc-arm-none-eabi-4_9-2015q3/bin/../lib/gcc/arm-none-eabi/4.9.3/../../../../arm-none-eabi/lib/armv7e-m/softfp/libc.a(lib_a-atexit.o) (__register_exitproc)
/home/trandi/ti/ccsv6/tools/compiler/gcc-arm-none-eabi-4_9-2015q3/bin/../lib/gcc/arm-none-eabi/4.9.3/armv7e-m/softfp/libgcc.a(_arm_addsubdf3.o)
                              ./main.o (__aeabi_i2d)
/home/trandi/ti/ccsv6/tools/compiler/gcc-arm-none-eabi-4_9-2015q3/bin/../lib/gcc/arm-none-eabi/4.9.3/armv7e-m/softfp/libgcc.a(_arm_muldivdf3.o)
                              ./main.o (__aeabi_dmul)
/home/trandi/ti/ccsv6/tools/compiler/gcc-arm-none-eabi-4_9-2015q3/bin/../lib/gcc/arm-none-eabi/4.9.3/armv7e-m/softfp/libgcc.a(_arm_fixdfsi.o)
                              ./main.o (__aeabi_d2iz)
/home/trandi/ti/ccsv6/tools/compiler/gcc-arm-none-eabi-4_9-2015q3/bin/../lib/gcc/arm-none-eabi/4.9.3/../../../../arm-none-eabi/lib/armv7e-m/softfp/libnosys.a(_exit.o)
                              /home/trandi/ti/ccsv6/tools/compiler/gcc-arm-none-eabi-4_9-2015q3/bin/../lib/gcc/arm-none-eabi/4.9.3/../../../../arm-none-eabi/lib/armv7e-m/softfp/libc.a(lib_a-exit.o) (_exit)

Allocating common symbols
Common symbol       size              file

_msgPos             0x1               ./main.o
_msg                0x6               ./main.o
_joystickX          0x4               ./main.o
_joystickY          0x4               ./main.o
_prevChar           0x1               ./main.o

Memory Configuration

Name             Origin             Length             Attributes
FLASH            0x00000000         0x00040000         xr
SRAM             0x20000000         0x00008000         xw
*default*        0x00000000         0xffffffff

Linker script and memory map

LOAD /home/trandi/ti/ccsv6/tools/compiler/gcc-arm-none-eabi-4_9-2015q3/bin/../lib/gcc/arm-none-eabi/4.9.3/armv7e-m/softfp/crti.o
LOAD /home/trandi/ti/ccsv6/tools/compiler/gcc-arm-none-eabi-4_9-2015q3/bin/../lib/gcc/arm-none-eabi/4.9.3/armv7e-m/softfp/crtbegin.o
LOAD /home/trandi/ti/ccsv6/tools/compiler/gcc-arm-none-eabi-4_9-2015q3/bin/../lib/gcc/arm-none-eabi/4.9.3/../../../../arm-none-eabi/lib/armv7e-m/softfp/crt0.o
LOAD ./lm4f120h5qr_startup_ccs_gcc.o
LOAD ./main.o
LOAD ./uartstdio.o
                0x00000000                PROVIDE (_intvecs_base_address, 0x0)

.isr_vector     0x00000000      0x26c
 *(.isr_vector)
 .isr_vector    0x00000000      0x26c ./lm4f120h5qr_startup_ccs_gcc.o
                0x00000000                g_pfnVectors
                0x20000000                PROVIDE (_vtable_base_address, 0x20000000)

.vtable
 *(.vtable)

.text           0x0000026c     0x319c
 CREATE_OBJECT_SYMBOLS
 *(.text)
 .text          0x0000026c        0x0 /home/trandi/ti/ccsv6/tools/compiler/gcc-arm-none-eabi-4_9-2015q3/bin/../lib/gcc/arm-none-eabi/4.9.3/armv7e-m/softfp/crti.o
 .text          0x0000026c       0x5c /home/trandi/ti/ccsv6/tools/compiler/gcc-arm-none-eabi-4_9-2015q3/bin/../lib/gcc/arm-none-eabi/4.9.3/armv7e-m/softfp/crtbegin.o
 .text          0x000002c8       0x74 /home/trandi/ti/ccsv6/tools/compiler/gcc-arm-none-eabi-4_9-2015q3/bin/../lib/gcc/arm-none-eabi/4.9.3/../../../../arm-none-eabi/lib/armv7e-m/softfp/crt0.o
                0x000002c8                _mainCRTStartup
                0x000002c8                _start
 .text          0x0000033c        0x0 ./lm4f120h5qr_startup_ccs_gcc.o
 .text          0x0000033c        0x0 ./main.o
 .text          0x0000033c        0x0 ./uartstdio.o
 .text          0x0000033c        0x0 /media/trandi/SSD_DATA/progsDan/TI/StellarisWare_LM4F120/driverlib/gcc-cm4f/libdriver-cm4f.a(gpio.o)
 .text          0x0000033c        0x0 /media/trandi/SSD_DATA/progsDan/TI/StellarisWare_LM4F120/driverlib/gcc-cm4f/libdriver-cm4f.a(interrupt.o)
 .text          0x0000033c        0x0 /media/trandi/SSD_DATA/progsDan/TI/StellarisWare_LM4F120/driverlib/gcc-cm4f/libdriver-cm4f.a(sysctl.o)
 .text          0x0000033c        0x0 /media/trandi/SSD_DATA/progsDan/TI/StellarisWare_LM4F120/driverlib/gcc-cm4f/libdriver-cm4f.a(timer.o)
 .text          0x0000033c        0x0 /media/trandi/SSD_DATA/progsDan/TI/StellarisWare_LM4F120/driverlib/gcc-cm4f/libdriver-cm4f.a(uart.o)
 .text          0x0000033c        0x0 /media/trandi/SSD_DATA/progsDan/TI/StellarisWare_LM4F120/driverlib/gcc-cm4f/libdriver-cm4f.a(cpu.o)
 .text          0x0000033c        0x0 /home/trandi/ti/ccsv6/tools/compiler/gcc-arm-none-eabi-4_9-2015q3/bin/../lib/gcc/arm-none-eabi/4.9.3/../../../../arm-none-eabi/lib/armv7e-m/softfp/libc.a(lib_a-exit.o)
 .text          0x0000033c        0x0 /home/trandi/ti/ccsv6/tools/compiler/gcc-arm-none-eabi-4_9-2015q3/bin/../lib/gcc/arm-none-eabi/4.9.3/../../../../arm-none-eabi/lib/armv7e-m/softfp/libc.a(lib_a-impure.o)
 .text          0x0000033c        0x0 /home/trandi/ti/ccsv6/tools/compiler/gcc-arm-none-eabi-4_9-2015q3/bin/../lib/gcc/arm-none-eabi/4.9.3/../../../../arm-none-eabi/lib/armv7e-m/softfp/libc.a(lib_a-init.o)
 .text          0x0000033c        0x0 /home/trandi/ti/ccsv6/tools/compiler/gcc-arm-none-eabi-4_9-2015q3/bin/../lib/gcc/arm-none-eabi/4.9.3/../../../../arm-none-eabi/lib/armv7e-m/softfp/libc.a(lib_a-memset.o)
 .text          0x0000033c        0x0 /home/trandi/ti/ccsv6/tools/compiler/gcc-arm-none-eabi-4_9-2015q3/bin/../lib/gcc/arm-none-eabi/4.9.3/../../../../arm-none-eabi/lib/armv7e-m/softfp/libc.a(lib_a-__call_atexit.o)
 .text          0x0000033c        0x0 /home/trandi/ti/ccsv6/tools/compiler/gcc-arm-none-eabi-4_9-2015q3/bin/../lib/gcc/arm-none-eabi/4.9.3/../../../../arm-none-eabi/lib/armv7e-m/softfp/libc.a(lib_a-atexit.o)
 .text          0x0000033c        0x0 /home/trandi/ti/ccsv6/tools/compiler/gcc-arm-none-eabi-4_9-2015q3/bin/../lib/gcc/arm-none-eabi/4.9.3/../../../../arm-none-eabi/lib/armv7e-m/softfp/libc.a(lib_a-fini.o)
 .text          0x0000033c        0x0 /home/trandi/ti/ccsv6/tools/compiler/gcc-arm-none-eabi-4_9-2015q3/bin/../lib/gcc/arm-none-eabi/4.9.3/../../../../arm-none-eabi/lib/armv7e-m/softfp/libc.a(lib_a-__atexit.o)
 .text          0x0000033c      0x370 /home/trandi/ti/ccsv6/tools/compiler/gcc-arm-none-eabi-4_9-2015q3/bin/../lib/gcc/arm-none-eabi/4.9.3/armv7e-m/softfp/libgcc.a(_arm_addsubdf3.o)
                0x0000033c                __aeabi_drsub
                0x00000344                __aeabi_dsub
                0x00000344                __subdf3
                0x00000348                __adddf3
                0x00000348                __aeabi_dadd
                0x000005c0                __aeabi_ui2d
                0x000005c0                __floatunsidf
                0x000005e0                __floatsidf
                0x000005e0                __aeabi_i2d
                0x00000604                __extendsfdf2
                0x00000604                __aeabi_f2d
                0x00000640                __aeabi_ul2d
                0x00000640                __floatundidf
                0x00000650                __floatdidf
                0x00000650                __aeabi_l2d
 .text          0x000006ac      0x424 /home/trandi/ti/ccsv6/tools/compiler/gcc-arm-none-eabi-4_9-2015q3/bin/../lib/gcc/arm-none-eabi/4.9.3/armv7e-m/softfp/libgcc.a(_arm_muldivdf3.o)
                0x000006ac                __aeabi_dmul
                0x000006ac                __muldf3
                0x00000900                __aeabi_ddiv
                0x00000900                __divdf3
 .text          0x00000ad0       0x50 /home/trandi/ti/ccsv6/tools/compiler/gcc-arm-none-eabi-4_9-2015q3/bin/../lib/gcc/arm-none-eabi/4.9.3/armv7e-m/softfp/libgcc.a(_arm_fixdfsi.o)
                0x00000ad0                __fixdfsi
                0x00000ad0                __aeabi_d2iz
 .text          0x00000b20        0x0 /home/trandi/ti/ccsv6/tools/compiler/gcc-arm-none-eabi-4_9-2015q3/bin/../lib/gcc/arm-none-eabi/4.9.3/../../../../arm-none-eabi/lib/armv7e-m/softfp/libnosys.a(_exit.o)
 .text          0x00000b20        0x0 /home/trandi/ti/ccsv6/tools/compiler/gcc-arm-none-eabi-4_9-2015q3/bin/../lib/gcc/arm-none-eabi/4.9.3/armv7e-m/softfp/crtend.o
 .text          0x00000b20        0x0 /home/trandi/ti/ccsv6/tools/compiler/gcc-arm-none-eabi-4_9-2015q3/bin/../lib/gcc/arm-none-eabi/4.9.3/armv7e-m/softfp/crtn.o
 *(.text.*)
 .text.ResetISR
                0x00000b20       0x68 ./lm4f120h5qr_startup_ccs_gcc.o
                0x00000b20                ResetISR
 .text.NmiSR    0x00000b88        0x8 ./lm4f120h5qr_startup_ccs_gcc.o
 .text.FaultISR
                0x00000b90        0x8 ./lm4f120h5qr_startup_ccs_gcc.o
 .text.IntDefaultHandler
                0x00000b98        0x8 ./lm4f120h5qr_startup_ccs_gcc.o
 .text.initConsole
                0x00000ba0       0x50 ./main.o
                0x00000ba0                initConsole
 .text.startNewMsg
                0x00000bf0       0x3c ./main.o
                0x00000bf0                startNewMsg
 .text.UART5IntHandler
                0x00000c2c       0xf4 ./main.o
                0x00000c2c                UART5IntHandler
 .text.initCommandsUART
                0x00000d20       0x78 ./main.o
                0x00000d20                initCommandsUART
 .text.initLEDs
                0x00000d98       0x28 ./main.o
                0x00000d98                initLEDs
 .text.initPWM  0x00000dc0       0xbc ./main.o
                0x00000dc0                initPWM
 .text.constrainPercentage
                0x00000e7c       0x2c ./main.o
                0x00000e7c                constrainPercentage
 .text.setMotorA
                0x00000ea8       0x64 ./main.o
                0x00000ea8                setMotorA
 .text.setMotorB
                0x00000f0c       0x64 ./main.o
                0x00000f0c                setMotorB
 .text.main     0x00000f70       0xe0 ./main.o
                0x00000f70                main
 .text.UARTStdioConfig
                0x00001050       0x68 ./uartstdio.o
                0x00001050                UARTStdioConfig
 .text.UARTStdioInit
                0x000010b8       0x20 ./uartstdio.o
                0x000010b8                UARTStdioInit
 .text.UARTStdioInitExpClk
                0x000010d8       0x20 ./uartstdio.o
                0x000010d8                UARTStdioInitExpClk
 .text.UARTwrite
                0x000010f8       0x58 ./uartstdio.o
                0x000010f8                UARTwrite
 .text.UARTgets
                0x00001150       0xcc ./uartstdio.o
                0x00001150                UARTgets
 .text.UARTgetc
                0x0000121c       0x1c ./uartstdio.o
                0x0000121c                UARTgetc
 .text.UARTprintf
                0x00001238      0x3f4 ./uartstdio.o
                0x00001238                UARTprintf
 .text.GPIOGetIntNumber
                0x0000162c      0x140 /media/trandi/SSD_DATA/progsDan/TI/StellarisWare_LM4F120/driverlib/gcc-cm4f/libdriver-cm4f.a(gpio.o)
 .text.GPIODirModeSet
                0x0000176c       0x2e /media/trandi/SSD_DATA/progsDan/TI/StellarisWare_LM4F120/driverlib/gcc-cm4f/libdriver-cm4f.a(gpio.o)
                0x0000176c                GPIODirModeSet
 .text.GPIODirModeGet
                0x0000179a       0x24 /media/trandi/SSD_DATA/progsDan/TI/StellarisWare_LM4F120/driverlib/gcc-cm4f/libdriver-cm4f.a(gpio.o)
                0x0000179a                GPIODirModeGet
 .text.GPIOIntTypeSet
                0x000017be       0x4a /media/trandi/SSD_DATA/progsDan/TI/StellarisWare_LM4F120/driverlib/gcc-cm4f/libdriver-cm4f.a(gpio.o)
                0x000017be                GPIOIntTypeSet
 .text.GPIOIntTypeGet
                0x00001808       0x32 /media/trandi/SSD_DATA/progsDan/TI/StellarisWare_LM4F120/driverlib/gcc-cm4f/libdriver-cm4f.a(gpio.o)
                0x00001808                GPIOIntTypeGet
 .text.GPIOPadConfigSet
                0x0000183a       0xce /media/trandi/SSD_DATA/progsDan/TI/StellarisWare_LM4F120/driverlib/gcc-cm4f/libdriver-cm4f.a(gpio.o)
                0x0000183a                GPIOPadConfigSet
 .text.GPIOPadConfigGet
                0x00001908       0x76 /media/trandi/SSD_DATA/progsDan/TI/StellarisWare_LM4F120/driverlib/gcc-cm4f/libdriver-cm4f.a(gpio.o)
                0x00001908                GPIOPadConfigGet
 .text.GPIOPinIntEnable
                0x0000197e        0xc /media/trandi/SSD_DATA/progsDan/TI/StellarisWare_LM4F120/driverlib/gcc-cm4f/libdriver-cm4f.a(gpio.o)
                0x0000197e                GPIOPinIntEnable
 .text.GPIOPinIntDisable
                0x0000198a        0xe /media/trandi/SSD_DATA/progsDan/TI/StellarisWare_LM4F120/driverlib/gcc-cm4f/libdriver-cm4f.a(gpio.o)
                0x0000198a                GPIOPinIntDisable
 .text.GPIOPinIntStatus
                0x00001998        0xe /media/trandi/SSD_DATA/progsDan/TI/StellarisWare_LM4F120/driverlib/gcc-cm4f/libdriver-cm4f.a(gpio.o)
                0x00001998                GPIOPinIntStatus
 .text.GPIOPinIntClear
                0x000019a6        0x6 /media/trandi/SSD_DATA/progsDan/TI/StellarisWare_LM4F120/driverlib/gcc-cm4f/libdriver-cm4f.a(gpio.o)
                0x000019a6                GPIOPinIntClear
 .text.GPIOPortIntRegister
                0x000019ac       0x1a /media/trandi/SSD_DATA/progsDan/TI/StellarisWare_LM4F120/driverlib/gcc-cm4f/libdriver-cm4f.a(gpio.o)
                0x000019ac                GPIOPortIntRegister
 .text.GPIOPortIntUnregister
                0x000019c6       0x16 /media/trandi/SSD_DATA/progsDan/TI/StellarisWare_LM4F120/driverlib/gcc-cm4f/libdriver-cm4f.a(gpio.o)
                0x000019c6                GPIOPortIntUnregister
 .text.GPIOPinRead
                0x000019dc        0x6 /media/trandi/SSD_DATA/progsDan/TI/StellarisWare_LM4F120/driverlib/gcc-cm4f/libdriver-cm4f.a(gpio.o)
                0x000019dc                GPIOPinRead
 .text.GPIOPinWrite
                0x000019e2        0x6 /media/trandi/SSD_DATA/progsDan/TI/StellarisWare_LM4F120/driverlib/gcc-cm4f/libdriver-cm4f.a(gpio.o)
                0x000019e2                GPIOPinWrite
 .text.GPIOPinTypeADC
                0x000019e8       0x1c /media/trandi/SSD_DATA/progsDan/TI/StellarisWare_LM4F120/driverlib/gcc-cm4f/libdriver-cm4f.a(gpio.o)
                0x000019e8                GPIOPinTypeADC
 .text.GPIOPinTypeCAN
                0x00001a04       0x1c /media/trandi/SSD_DATA/progsDan/TI/StellarisWare_LM4F120/driverlib/gcc-cm4f/libdriver-cm4f.a(gpio.o)
                0x00001a04                GPIOPinTypeCAN
 .text.GPIOPinTypeComparator
                0x00001a20       0x1c /media/trandi/SSD_DATA/progsDan/TI/StellarisWare_LM4F120/driverlib/gcc-cm4f/libdriver-cm4f.a(gpio.o)
                0x00001a20                GPIOPinTypeComparator
 .text.GPIOPinTypeEPI
                0x00001a3c       0x1c /media/trandi/SSD_DATA/progsDan/TI/StellarisWare_LM4F120/driverlib/gcc-cm4f/libdriver-cm4f.a(gpio.o)
                0x00001a3c                GPIOPinTypeEPI
 .text.GPIOPinTypeEthernetLED
                0x00001a58       0x1c /media/trandi/SSD_DATA/progsDan/TI/StellarisWare_LM4F120/driverlib/gcc-cm4f/libdriver-cm4f.a(gpio.o)
                0x00001a58                GPIOPinTypeEthernetLED
 .text.GPIOPinTypeEthernetMII
                0x00001a74       0x1c /media/trandi/SSD_DATA/progsDan/TI/StellarisWare_LM4F120/driverlib/gcc-cm4f/libdriver-cm4f.a(gpio.o)
                0x00001a74                GPIOPinTypeEthernetMII
 .text.GPIOPinTypeFan
                0x00001a90       0x1c /media/trandi/SSD_DATA/progsDan/TI/StellarisWare_LM4F120/driverlib/gcc-cm4f/libdriver-cm4f.a(gpio.o)
                0x00001a90                GPIOPinTypeFan
 .text.GPIOPinTypeGPIOInput
                0x00001aac       0x1c /media/trandi/SSD_DATA/progsDan/TI/StellarisWare_LM4F120/driverlib/gcc-cm4f/libdriver-cm4f.a(gpio.o)
                0x00001aac                GPIOPinTypeGPIOInput
 .text.GPIOPinTypeGPIOOutput
                0x00001ac8       0x1c /media/trandi/SSD_DATA/progsDan/TI/StellarisWare_LM4F120/driverlib/gcc-cm4f/libdriver-cm4f.a(gpio.o)
                0x00001ac8                GPIOPinTypeGPIOOutput
 .text.GPIOPinTypeGPIOOutputOD
                0x00001ae4       0x1c /media/trandi/SSD_DATA/progsDan/TI/StellarisWare_LM4F120/driverlib/gcc-cm4f/libdriver-cm4f.a(gpio.o)
                0x00001ae4                GPIOPinTypeGPIOOutputOD
 .text.GPIOPinTypeI2C
                0x00001b00       0x1c /media/trandi/SSD_DATA/progsDan/TI/StellarisWare_LM4F120/driverlib/gcc-cm4f/libdriver-cm4f.a(gpio.o)
                0x00001b00                GPIOPinTypeI2C
 .text.GPIOPinTypeI2CSCL
                0x00001b1c       0x90 /media/trandi/SSD_DATA/progsDan/TI/StellarisWare_LM4F120/driverlib/gcc-cm4f/libdriver-cm4f.a(gpio.o)
                0x00001b1c                GPIOPinTypeI2CSCL
 .text.GPIOPinTypeI2S
                0x00001bac       0x1c /media/trandi/SSD_DATA/progsDan/TI/StellarisWare_LM4F120/driverlib/gcc-cm4f/libdriver-cm4f.a(gpio.o)
                0x00001bac                GPIOPinTypeI2S
 .text.GPIOPinTypeLPC
                0x00001bc8       0x1c /media/trandi/SSD_DATA/progsDan/TI/StellarisWare_LM4F120/driverlib/gcc-cm4f/libdriver-cm4f.a(gpio.o)
                0x00001bc8                GPIOPinTypeLPC
 .text.GPIOPinTypePECIRx
                0x00001be4       0x1c /media/trandi/SSD_DATA/progsDan/TI/StellarisWare_LM4F120/driverlib/gcc-cm4f/libdriver-cm4f.a(gpio.o)
                0x00001be4                GPIOPinTypePECIRx
 .text.GPIOPinTypePECITx
                0x00001c00       0x1c /media/trandi/SSD_DATA/progsDan/TI/StellarisWare_LM4F120/driverlib/gcc-cm4f/libdriver-cm4f.a(gpio.o)
                0x00001c00                GPIOPinTypePECITx
 .text.GPIOPinTypePWM
                0x00001c1c       0x1c /media/trandi/SSD_DATA/progsDan/TI/StellarisWare_LM4F120/driverlib/gcc-cm4f/libdriver-cm4f.a(gpio.o)
                0x00001c1c                GPIOPinTypePWM
 .text.GPIOPinTypeQEI
                0x00001c38       0x1c /media/trandi/SSD_DATA/progsDan/TI/StellarisWare_LM4F120/driverlib/gcc-cm4f/libdriver-cm4f.a(gpio.o)
                0x00001c38                GPIOPinTypeQEI
 .text.GPIOPinTypeSSI
                0x00001c54       0x1c /media/trandi/SSD_DATA/progsDan/TI/StellarisWare_LM4F120/driverlib/gcc-cm4f/libdriver-cm4f.a(gpio.o)
                0x00001c54                GPIOPinTypeSSI
 .text.GPIOPinTypeTimer
                0x00001c70       0x1c /media/trandi/SSD_DATA/progsDan/TI/StellarisWare_LM4F120/driverlib/gcc-cm4f/libdriver-cm4f.a(gpio.o)
                0x00001c70                GPIOPinTypeTimer
 .text.GPIOPinTypeUART
                0x00001c8c       0x1c /media/trandi/SSD_DATA/progsDan/TI/StellarisWare_LM4F120/driverlib/gcc-cm4f/libdriver-cm4f.a(gpio.o)
                0x00001c8c                GPIOPinTypeUART
 .text.GPIOPinTypeUSBAnalog
                0x00001ca8       0x1c /media/trandi/SSD_DATA/progsDan/TI/StellarisWare_LM4F120/driverlib/gcc-cm4f/libdriver-cm4f.a(gpio.o)
                0x00001ca8                GPIOPinTypeUSBAnalog
 .text.GPIOPinTypeUSBDigital
                0x00001cc4       0x1c /media/trandi/SSD_DATA/progsDan/TI/StellarisWare_LM4F120/driverlib/gcc-cm4f/libdriver-cm4f.a(gpio.o)
                0x00001cc4                GPIOPinTypeUSBDigital
 .text.GPIOPinConfigure
                0x00001ce0       0x4c /media/trandi/SSD_DATA/progsDan/TI/StellarisWare_LM4F120/driverlib/gcc-cm4f/libdriver-cm4f.a(gpio.o)
                0x00001ce0                GPIOPinConfigure
 .text.GPIODMATriggerEnable
                0x00001d2c        0xc /media/trandi/SSD_DATA/progsDan/TI/StellarisWare_LM4F120/driverlib/gcc-cm4f/libdriver-cm4f.a(gpio.o)
                0x00001d2c                GPIODMATriggerEnable
 .text.GPIODMATriggerDisable
                0x00001d38        0xe /media/trandi/SSD_DATA/progsDan/TI/StellarisWare_LM4F120/driverlib/gcc-cm4f/libdriver-cm4f.a(gpio.o)
                0x00001d38                GPIODMATriggerDisable
 .text.GPIOADCTriggerEnable
                0x00001d46        0xc /media/trandi/SSD_DATA/progsDan/TI/StellarisWare_LM4F120/driverlib/gcc-cm4f/libdriver-cm4f.a(gpio.o)
                0x00001d46                GPIOADCTriggerEnable
 .text.GPIOADCTriggerDisable
                0x00001d52        0xe /media/trandi/SSD_DATA/progsDan/TI/StellarisWare_LM4F120/driverlib/gcc-cm4f/libdriver-cm4f.a(gpio.o)
                0x00001d52                GPIOADCTriggerDisable
 .text.IntDefaultHandler
                0x00001d60        0x2 /media/trandi/SSD_DATA/progsDan/TI/StellarisWare_LM4F120/driverlib/gcc-cm4f/libdriver-cm4f.a(interrupt.o)
 .text.IntMasterEnable
                0x00001d62        0xa /media/trandi/SSD_DATA/progsDan/TI/StellarisWare_LM4F120/driverlib/gcc-cm4f/libdriver-cm4f.a(interrupt.o)
                0x00001d62                IntMasterEnable
 .text.IntMasterDisable
                0x00001d6c        0xa /media/trandi/SSD_DATA/progsDan/TI/StellarisWare_LM4F120/driverlib/gcc-cm4f/libdriver-cm4f.a(interrupt.o)
                0x00001d6c                IntMasterDisable
 *fill*         0x00001d76        0x2 
 .text.IntRegister
                0x00001d78       0x30 /media/trandi/SSD_DATA/progsDan/TI/StellarisWare_LM4F120/driverlib/gcc-cm4f/libdriver-cm4f.a(interrupt.o)
                0x00001d78                IntRegister
 .text.IntUnregister
                0x00001da8       0x14 /media/trandi/SSD_DATA/progsDan/TI/StellarisWare_LM4F120/driverlib/gcc-cm4f/libdriver-cm4f.a(interrupt.o)
                0x00001da8                IntUnregister
 .text.IntPriorityGroupingSet
                0x00001dbc       0x1c /media/trandi/SSD_DATA/progsDan/TI/StellarisWare_LM4F120/driverlib/gcc-cm4f/libdriver-cm4f.a(interrupt.o)
                0x00001dbc                IntPriorityGroupingSet
 .text.IntPriorityGroupingGet
                0x00001dd8       0x24 /media/trandi/SSD_DATA/progsDan/TI/StellarisWare_LM4F120/driverlib/gcc-cm4f/libdriver-cm4f.a(interrupt.o)
                0x00001dd8                IntPriorityGroupingGet
 .text.IntPrioritySet
                0x00001dfc       0x28 /media/trandi/SSD_DATA/progsDan/TI/StellarisWare_LM4F120/driverlib/gcc-cm4f/libdriver-cm4f.a(interrupt.o)
                0x00001dfc                IntPrioritySet
 .text.IntPriorityGet
                0x00001e24       0x1c /media/trandi/SSD_DATA/progsDan/TI/StellarisWare_LM4F120/driverlib/gcc-cm4f/libdriver-cm4f.a(interrupt.o)
                0x00001e24                IntPriorityGet
 .text.IntEnable
                0x00001e40       0x60 /media/trandi/SSD_DATA/progsDan/TI/StellarisWare_LM4F120/driverlib/gcc-cm4f/libdriver-cm4f.a(interrupt.o)
                0x00001e40                IntEnable
 .text.IntDisable
                0x00001ea0       0x60 /media/trandi/SSD_DATA/progsDan/TI/StellarisWare_LM4F120/driverlib/gcc-cm4f/libdriver-cm4f.a(interrupt.o)
                0x00001ea0                IntDisable
 .text.IntIsEnabled
                0x00001f00       0x64 /media/trandi/SSD_DATA/progsDan/TI/StellarisWare_LM4F120/driverlib/gcc-cm4f/libdriver-cm4f.a(interrupt.o)
                0x00001f00                IntIsEnabled
 .text.IntPendSet
                0x00001f64       0x50 /media/trandi/SSD_DATA/progsDan/TI/StellarisWare_LM4F120/driverlib/gcc-cm4f/libdriver-cm4f.a(interrupt.o)
                0x00001f64                IntPendSet
 .text.IntPendClear
                0x00001fb4       0x40 /media/trandi/SSD_DATA/progsDan/TI/StellarisWare_LM4F120/driverlib/gcc-cm4f/libdriver-cm4f.a(interrupt.o)
                0x00001fb4                IntPendClear
 .text.IntPriorityMaskSet
                0x00001ff4        0x4 /media/trandi/SSD_DATA/progsDan/TI/StellarisWare_LM4F120/driverlib/gcc-cm4f/libdriver-cm4f.a(interrupt.o)
                0x00001ff4                IntPriorityMaskSet
 .text.IntPriorityMaskGet
                0x00001ff8        0x4 /media/trandi/SSD_DATA/progsDan/TI/StellarisWare_LM4F120/driverlib/gcc-cm4f/libdriver-cm4f.a(interrupt.o)
                0x00001ff8                IntPriorityMaskGet
 .text.SysCtlPeripheralMapToNew
                0x00001ffc       0x24 /media/trandi/SSD_DATA/progsDan/TI/StellarisWare_LM4F120/driverlib/gcc-cm4f/libdriver-cm4f.a(sysctl.o)
 .text.SysCtlSRAMSizeGet
                0x00002020       0x14 /media/trandi/SSD_DATA/progsDan/TI/StellarisWare_LM4F120/driverlib/gcc-cm4f/libdriver-cm4f.a(sysctl.o)
                0x00002020                SysCtlSRAMSizeGet
 .text.SysCtlFlashSizeGet
                0x00002034       0x14 /media/trandi/SSD_DATA/progsDan/TI/StellarisWare_LM4F120/driverlib/gcc-cm4f/libdriver-cm4f.a(sysctl.o)
                0x00002034                SysCtlFlashSizeGet
 .text.SysCtlPinPresent
                0x00002048       0x14 /media/trandi/SSD_DATA/progsDan/TI/StellarisWare_LM4F120/driverlib/gcc-cm4f/libdriver-cm4f.a(sysctl.o)
                0x00002048                SysCtlPinPresent
 .text.SysCtlPeripheralPresent
                0x0000205c       0x7c /media/trandi/SSD_DATA/progsDan/TI/StellarisWare_LM4F120/driverlib/gcc-cm4f/libdriver-cm4f.a(sysctl.o)
                0x0000205c                SysCtlPeripheralPresent
 .text.SysCtlPeripheralReady
                0x000020d8       0x38 /media/trandi/SSD_DATA/progsDan/TI/StellarisWare_LM4F120/driverlib/gcc-cm4f/libdriver-cm4f.a(sysctl.o)
                0x000020d8                SysCtlPeripheralReady
 .text.SysCtlPeripheralPowerOn
                0x00002110       0x38 /media/trandi/SSD_DATA/progsDan/TI/StellarisWare_LM4F120/driverlib/gcc-cm4f/libdriver-cm4f.a(sysctl.o)
                0x00002110                SysCtlPeripheralPowerOn
 .text.SysCtlPeripheralPowerOff
                0x00002148       0x38 /media/trandi/SSD_DATA/progsDan/TI/StellarisWare_LM4F120/driverlib/gcc-cm4f/libdriver-cm4f.a(sysctl.o)
                0x00002148                SysCtlPeripheralPowerOff
 .text.SysCtlPeripheralReset
                0x00002180       0x8c /media/trandi/SSD_DATA/progsDan/TI/StellarisWare_LM4F120/driverlib/gcc-cm4f/libdriver-cm4f.a(sysctl.o)
                0x00002180                SysCtlPeripheralReset
 .text.SysCtlPeripheralEnable
                0x0000220c       0x5c /media/trandi/SSD_DATA/progsDan/TI/StellarisWare_LM4F120/driverlib/gcc-cm4f/libdriver-cm4f.a(sysctl.o)
                0x0000220c                SysCtlPeripheralEnable
 .text.SysCtlPeripheralDisable
                0x00002268       0x5c /media/trandi/SSD_DATA/progsDan/TI/StellarisWare_LM4F120/driverlib/gcc-cm4f/libdriver-cm4f.a(sysctl.o)
                0x00002268                SysCtlPeripheralDisable
 .text.SysCtlPeripheralSleepEnable
                0x000022c4       0x5c /media/trandi/SSD_DATA/progsDan/TI/StellarisWare_LM4F120/driverlib/gcc-cm4f/libdriver-cm4f.a(sysctl.o)
                0x000022c4                SysCtlPeripheralSleepEnable
 .text.SysCtlPeripheralSleepDisable
                0x00002320       0x5c /media/trandi/SSD_DATA/progsDan/TI/StellarisWare_LM4F120/driverlib/gcc-cm4f/libdriver-cm4f.a(sysctl.o)
                0x00002320                SysCtlPeripheralSleepDisable
 .text.SysCtlPeripheralDeepSleepEnable
                0x0000237c       0x5c /media/trandi/SSD_DATA/progsDan/TI/StellarisWare_LM4F120/driverlib/gcc-cm4f/libdriver-cm4f.a(sysctl.o)
                0x0000237c                SysCtlPeripheralDeepSleepEnable
 .text.SysCtlPeripheralDeepSleepDisable
                0x000023d8       0x5c /media/trandi/SSD_DATA/progsDan/TI/StellarisWare_LM4F120/driverlib/gcc-cm4f/libdriver-cm4f.a(sysctl.o)
                0x000023d8                SysCtlPeripheralDeepSleepDisable
 .text.SysCtlPeripheralClockGating
                0x00002434       0x1c /media/trandi/SSD_DATA/progsDan/TI/StellarisWare_LM4F120/driverlib/gcc-cm4f/libdriver-cm4f.a(sysctl.o)
                0x00002434                SysCtlPeripheralClockGating
 .text.SysCtlIntRegister
                0x00002450       0x14 /media/trandi/SSD_DATA/progsDan/TI/StellarisWare_LM4F120/driverlib/gcc-cm4f/libdriver-cm4f.a(sysctl.o)
                0x00002450                SysCtlIntRegister
 .text.SysCtlIntUnregister
                0x00002464       0x12 /media/trandi/SSD_DATA/progsDan/TI/StellarisWare_LM4F120/driverlib/gcc-cm4f/libdriver-cm4f.a(sysctl.o)
                0x00002464                SysCtlIntUnregister
 *fill*         0x00002476        0x2 
 .text.SysCtlIntEnable
                0x00002478       0x10 /media/trandi/SSD_DATA/progsDan/TI/StellarisWare_LM4F120/driverlib/gcc-cm4f/libdriver-cm4f.a(sysctl.o)
                0x00002478                SysCtlIntEnable
 .text.SysCtlIntDisable
                0x00002488       0x10 /media/trandi/SSD_DATA/progsDan/TI/StellarisWare_LM4F120/driverlib/gcc-cm4f/libdriver-cm4f.a(sysctl.o)
                0x00002488                SysCtlIntDisable
 .text.SysCtlIntClear
                0x00002498        0xc /media/trandi/SSD_DATA/progsDan/TI/StellarisWare_LM4F120/driverlib/gcc-cm4f/libdriver-cm4f.a(sysctl.o)
                0x00002498                SysCtlIntClear
 .text.SysCtlIntStatus
                0x000024a4       0x18 /media/trandi/SSD_DATA/progsDan/TI/StellarisWare_LM4F120/driverlib/gcc-cm4f/libdriver-cm4f.a(sysctl.o)
                0x000024a4                SysCtlIntStatus
 .text.SysCtlLDOSet
                0x000024bc        0xc /media/trandi/SSD_DATA/progsDan/TI/StellarisWare_LM4F120/driverlib/gcc-cm4f/libdriver-cm4f.a(sysctl.o)
                0x000024bc                SysCtlLDOSet
 .text.SysCtlLDOGet
                0x000024c8        0xc /media/trandi/SSD_DATA/progsDan/TI/StellarisWare_LM4F120/driverlib/gcc-cm4f/libdriver-cm4f.a(sysctl.o)
                0x000024c8                SysCtlLDOGet
 .text.SysCtlLDOConfigSet
                0x000024d4        0xc /media/trandi/SSD_DATA/progsDan/TI/StellarisWare_LM4F120/driverlib/gcc-cm4f/libdriver-cm4f.a(sysctl.o)
                0x000024d4                SysCtlLDOConfigSet
 .text.SysCtlReset
                0x000024e0       0x10 /media/trandi/SSD_DATA/progsDan/TI/StellarisWare_LM4F120/driverlib/gcc-cm4f/libdriver-cm4f.a(sysctl.o)
                0x000024e0                SysCtlReset
 .text.SysCtlSleep
                0x000024f0        0x4 /media/trandi/SSD_DATA/progsDan/TI/StellarisWare_LM4F120/driverlib/gcc-cm4f/libdriver-cm4f.a(sysctl.o)
                0x000024f0                SysCtlSleep
 .text.SysCtlDeepSleep
                0x000024f4       0x20 /media/trandi/SSD_DATA/progsDan/TI/StellarisWare_LM4F120/driverlib/gcc-cm4f/libdriver-cm4f.a(sysctl.o)
                0x000024f4                SysCtlDeepSleep
 .text.SysCtlResetCauseGet
                0x00002514        0xc /media/trandi/SSD_DATA/progsDan/TI/StellarisWare_LM4F120/driverlib/gcc-cm4f/libdriver-cm4f.a(sysctl.o)
                0x00002514                SysCtlResetCauseGet
 .text.SysCtlResetCauseClear
                0x00002520       0x10 /media/trandi/SSD_DATA/progsDan/TI/StellarisWare_LM4F120/driverlib/gcc-cm4f/libdriver-cm4f.a(sysctl.o)
                0x00002520                SysCtlResetCauseClear
 .text.SysCtlBrownOutConfigSet
                0x00002530       0x10 /media/trandi/SSD_DATA/progsDan/TI/StellarisWare_LM4F120/driverlib/gcc-cm4f/libdriver-cm4f.a(sysctl.o)
                0x00002530                SysCtlBrownOutConfigSet
 .text.SysCtlDelay
                0x00002540        0x6 /media/trandi/SSD_DATA/progsDan/TI/StellarisWare_LM4F120/driverlib/gcc-cm4f/libdriver-cm4f.a(sysctl.o)
                0x00002540                SysCtlDelay
 *fill*         0x00002546        0x2 
 .text.SysCtlMOSCConfigSet
                0x00002548        0xc /media/trandi/SSD_DATA/progsDan/TI/StellarisWare_LM4F120/driverlib/gcc-cm4f/libdriver-cm4f.a(sysctl.o)
                0x00002548                SysCtlMOSCConfigSet
 .text.SysCtlPIOSCCalibrate
                0x00002554       0x54 /media/trandi/SSD_DATA/progsDan/TI/StellarisWare_LM4F120/driverlib/gcc-cm4f/libdriver-cm4f.a(sysctl.o)
                0x00002554                SysCtlPIOSCCalibrate
 .text.SysCtlClockSet
                0x000025a8      0x174 /media/trandi/SSD_DATA/progsDan/TI/StellarisWare_LM4F120/driverlib/gcc-cm4f/libdriver-cm4f.a(sysctl.o)
                0x000025a8                SysCtlClockSet
 .text.SysCtlClockGet
                0x0000271c      0x22c /media/trandi/SSD_DATA/progsDan/TI/StellarisWare_LM4F120/driverlib/gcc-cm4f/libdriver-cm4f.a(sysctl.o)
                0x0000271c                SysCtlClockGet
 .text.SysCtlDeepSleepClockSet
                0x00002948        0xc /media/trandi/SSD_DATA/progsDan/TI/StellarisWare_LM4F120/driverlib/gcc-cm4f/libdriver-cm4f.a(sysctl.o)
                0x00002948                SysCtlDeepSleepClockSet
 .text.SysCtlPWMClockSet
                0x00002954       0x14 /media/trandi/SSD_DATA/progsDan/TI/StellarisWare_LM4F120/driverlib/gcc-cm4f/libdriver-cm4f.a(sysctl.o)
                0x00002954                SysCtlPWMClockSet
 .text.SysCtlPWMClockGet
                0x00002968       0x18 /media/trandi/SSD_DATA/progsDan/TI/StellarisWare_LM4F120/driverlib/gcc-cm4f/libdriver-cm4f.a(sysctl.o)
                0x00002968                SysCtlPWMClockGet
 .text.SysCtlADCSpeedSet
                0x00002980       0x20 /media/trandi/SSD_DATA/progsDan/TI/StellarisWare_LM4F120/driverlib/gcc-cm4f/libdriver-cm4f.a(sysctl.o)
                0x00002980                SysCtlADCSpeedSet
 .text.SysCtlADCSpeedGet
                0x000029a0       0x10 /media/trandi/SSD_DATA/progsDan/TI/StellarisWare_LM4F120/driverlib/gcc-cm4f/libdriver-cm4f.a(sysctl.o)
                0x000029a0                SysCtlADCSpeedGet
 .text.SysCtlIOSCVerificationSet
                0x000029b0       0x1c /media/trandi/SSD_DATA/progsDan/TI/StellarisWare_LM4F120/driverlib/gcc-cm4f/libdriver-cm4f.a(sysctl.o)
                0x000029b0                SysCtlIOSCVerificationSet
 .text.SysCtlMOSCVerificationSet
                0x000029cc       0x1c /media/trandi/SSD_DATA/progsDan/TI/StellarisWare_LM4F120/driverlib/gcc-cm4f/libdriver-cm4f.a(sysctl.o)
                0x000029cc                SysCtlMOSCVerificationSet
 .text.SysCtlPLLVerificationSet
                0x000029e8       0x1c /media/trandi/SSD_DATA/progsDan/TI/StellarisWare_LM4F120/driverlib/gcc-cm4f/libdriver-cm4f.a(sysctl.o)
                0x000029e8                SysCtlPLLVerificationSet
 .text.SysCtlClkVerificationClear
                0x00002a04       0x10 /media/trandi/SSD_DATA/progsDan/TI/StellarisWare_LM4F120/driverlib/gcc-cm4f/libdriver-cm4f.a(sysctl.o)
                0x00002a04                SysCtlClkVerificationClear
 .text.SysCtlGPIOAHBEnable
                0x00002a14       0x14 /media/trandi/SSD_DATA/progsDan/TI/StellarisWare_LM4F120/driverlib/gcc-cm4f/libdriver-cm4f.a(sysctl.o)
                0x00002a14                SysCtlGPIOAHBEnable
 .text.SysCtlGPIOAHBDisable
                0x00002a28       0x14 /media/trandi/SSD_DATA/progsDan/TI/StellarisWare_LM4F120/driverlib/gcc-cm4f/libdriver-cm4f.a(sysctl.o)
                0x00002a28                SysCtlGPIOAHBDisable
 .text.SysCtlUSBPLLEnable
                0x00002a3c       0x10 /media/trandi/SSD_DATA/progsDan/TI/StellarisWare_LM4F120/driverlib/gcc-cm4f/libdriver-cm4f.a(sysctl.o)
                0x00002a3c                SysCtlUSBPLLEnable
 .text.SysCtlUSBPLLDisable
                0x00002a4c       0x10 /media/trandi/SSD_DATA/progsDan/TI/StellarisWare_LM4F120/driverlib/gcc-cm4f/libdriver-cm4f.a(sysctl.o)
                0x00002a4c                SysCtlUSBPLLDisable
 .text.SysCtlI2SMClkSet
                0x00002a5c       0xe0 /media/trandi/SSD_DATA/progsDan/TI/StellarisWare_LM4F120/driverlib/gcc-cm4f/libdriver-cm4f.a(sysctl.o)
                0x00002a5c                SysCtlI2SMClkSet
 .text.TimerIntNumberGet
                0x00002b3c       0x28 /media/trandi/SSD_DATA/progsDan/TI/StellarisWare_LM4F120/driverlib/gcc-cm4f/libdriver-cm4f.a(timer.o)
 .text.TimerEnable
                0x00002b64       0x12 /media/trandi/SSD_DATA/progsDan/TI/StellarisWare_LM4F120/driverlib/gcc-cm4f/libdriver-cm4f.a(timer.o)
                0x00002b64                TimerEnable
 .text.TimerDisable
                0x00002b76       0x12 /media/trandi/SSD_DATA/progsDan/TI/StellarisWare_LM4F120/driverlib/gcc-cm4f/libdriver-cm4f.a(timer.o)
                0x00002b76                TimerDisable
 .text.TimerConfigure
                0x00002b88       0x28 /media/trandi/SSD_DATA/progsDan/TI/StellarisWare_LM4F120/driverlib/gcc-cm4f/libdriver-cm4f.a(timer.o)
                0x00002b88                TimerConfigure
 .text.TimerControlLevel
                0x00002bb0       0x20 /media/trandi/SSD_DATA/progsDan/TI/StellarisWare_LM4F120/driverlib/gcc-cm4f/libdriver-cm4f.a(timer.o)
                0x00002bb0                TimerControlLevel
 .text.TimerControlTrigger
                0x00002bd0       0x20 /media/trandi/SSD_DATA/progsDan/TI/StellarisWare_LM4F120/driverlib/gcc-cm4f/libdriver-cm4f.a(timer.o)
                0x00002bd0                TimerControlTrigger
 .text.TimerControlEvent
                0x00002bf0       0x18 /media/trandi/SSD_DATA/progsDan/TI/StellarisWare_LM4F120/driverlib/gcc-cm4f/libdriver-cm4f.a(timer.o)
                0x00002bf0                TimerControlEvent
 .text.TimerControlStall
                0x00002c08       0x20 /media/trandi/SSD_DATA/progsDan/TI/StellarisWare_LM4F120/driverlib/gcc-cm4f/libdriver-cm4f.a(timer.o)
                0x00002c08                TimerControlStall
 .text.TimerControlWaitOnTrigger
                0x00002c28       0x34 /media/trandi/SSD_DATA/progsDan/TI/StellarisWare_LM4F120/driverlib/gcc-cm4f/libdriver-cm4f.a(timer.o)
                0x00002c28                TimerControlWaitOnTrigger
 .text.TimerRTCEnable
                0x00002c5c        0xa /media/trandi/SSD_DATA/progsDan/TI/StellarisWare_LM4F120/driverlib/gcc-cm4f/libdriver-cm4f.a(timer.o)
                0x00002c5c                TimerRTCEnable
 .text.TimerRTCDisable
                0x00002c66        0xa /media/trandi/SSD_DATA/progsDan/TI/StellarisWare_LM4F120/driverlib/gcc-cm4f/libdriver-cm4f.a(timer.o)
                0x00002c66                TimerRTCDisable
 .text.TimerPrescaleSet
                0x00002c70       0x12 /media/trandi/SSD_DATA/progsDan/TI/StellarisWare_LM4F120/driverlib/gcc-cm4f/libdriver-cm4f.a(timer.o)
                0x00002c70                TimerPrescaleSet
 .text.TimerPrescaleGet
                0x00002c82        0xa /media/trandi/SSD_DATA/progsDan/TI/StellarisWare_LM4F120/driverlib/gcc-cm4f/libdriver-cm4f.a(timer.o)
                0x00002c82                TimerPrescaleGet
 .text.TimerPrescaleMatchSet
                0x00002c8c       0x12 /media/trandi/SSD_DATA/progsDan/TI/StellarisWare_LM4F120/driverlib/gcc-cm4f/libdriver-cm4f.a(timer.o)
                0x00002c8c                TimerPrescaleMatchSet
 .text.TimerPrescaleMatchGet
                0x00002c9e        0xa /media/trandi/SSD_DATA/progsDan/TI/StellarisWare_LM4F120/driverlib/gcc-cm4f/libdriver-cm4f.a(timer.o)
                0x00002c9e                TimerPrescaleMatchGet
 .text.TimerLoadSet
                0x00002ca8       0x12 /media/trandi/SSD_DATA/progsDan/TI/StellarisWare_LM4F120/driverlib/gcc-cm4f/libdriver-cm4f.a(timer.o)
                0x00002ca8                TimerLoadSet
 .text.TimerLoadGet
                0x00002cba        0xa /media/trandi/SSD_DATA/progsDan/TI/StellarisWare_LM4F120/driverlib/gcc-cm4f/libdriver-cm4f.a(timer.o)
                0x00002cba                TimerLoadGet
 .text.TimerLoadSet64
                0x00002cc4        0x6 /media/trandi/SSD_DATA/progsDan/TI/StellarisWare_LM4F120/driverlib/gcc-cm4f/libdriver-cm4f.a(timer.o)
                0x00002cc4                TimerLoadSet64
 .text.TimerLoadGet64
                0x00002cca       0x14 /media/trandi/SSD_DATA/progsDan/TI/StellarisWare_LM4F120/driverlib/gcc-cm4f/libdriver-cm4f.a(timer.o)
                0x00002cca                TimerLoadGet64
 .text.TimerValueGet
                0x00002cde        0xa /media/trandi/SSD_DATA/progsDan/TI/StellarisWare_LM4F120/driverlib/gcc-cm4f/libdriver-cm4f.a(timer.o)
                0x00002cde                TimerValueGet
 .text.TimerValueGet64
                0x00002ce8       0x14 /media/trandi/SSD_DATA/progsDan/TI/StellarisWare_LM4F120/driverlib/gcc-cm4f/libdriver-cm4f.a(timer.o)
                0x00002ce8                TimerValueGet64
 .text.TimerMatchSet
                0x00002cfc       0x12 /media/trandi/SSD_DATA/progsDan/TI/StellarisWare_LM4F120/driverlib/gcc-cm4f/libdriver-cm4f.a(timer.o)
                0x00002cfc                TimerMatchSet
 .text.TimerMatchGet
                0x00002d0e        0xa /media/trandi/SSD_DATA/progsDan/TI/StellarisWare_LM4F120/driverlib/gcc-cm4f/libdriver-cm4f.a(timer.o)
                0x00002d0e                TimerMatchGet
 .text.TimerMatchSet64
                0x00002d18        0x6 /media/trandi/SSD_DATA/progsDan/TI/StellarisWare_LM4F120/driverlib/gcc-cm4f/libdriver-cm4f.a(timer.o)
                0x00002d18                TimerMatchSet64
 .text.TimerMatchGet64
                0x00002d1e       0x14 /media/trandi/SSD_DATA/progsDan/TI/StellarisWare_LM4F120/driverlib/gcc-cm4f/libdriver-cm4f.a(timer.o)
                0x00002d1e                TimerMatchGet64
 .text.TimerIntRegister
                0x00002d32       0x3a /media/trandi/SSD_DATA/progsDan/TI/StellarisWare_LM4F120/driverlib/gcc-cm4f/libdriver-cm4f.a(timer.o)
                0x00002d32                TimerIntRegister
 .text.TimerIntUnregister
                0x00002d6c       0x34 /media/trandi/SSD_DATA/progsDan/TI/StellarisWare_LM4F120/driverlib/gcc-cm4f/libdriver-cm4f.a(timer.o)
                0x00002d6c                TimerIntUnregister
 .text.TimerIntEnable
                0x00002da0        0x8 /media/trandi/SSD_DATA/progsDan/TI/StellarisWare_LM4F120/driverlib/gcc-cm4f/libdriver-cm4f.a(timer.o)
                0x00002da0                TimerIntEnable
 .text.TimerIntDisable
                0x00002da8        0xa /media/trandi/SSD_DATA/progsDan/TI/StellarisWare_LM4F120/driverlib/gcc-cm4f/libdriver-cm4f.a(timer.o)
                0x00002da8                TimerIntDisable
 .text.TimerIntStatus
                0x00002db2        0xa /media/trandi/SSD_DATA/progsDan/TI/StellarisWare_LM4F120/driverlib/gcc-cm4f/libdriver-cm4f.a(timer.o)
                0x00002db2                TimerIntStatus
 .text.TimerIntClear
                0x00002dbc        0x4 /media/trandi/SSD_DATA/progsDan/TI/StellarisWare_LM4F120/driverlib/gcc-cm4f/libdriver-cm4f.a(timer.o)
                0x00002dbc                TimerIntClear
 .text.TimerSynchronize
                0x00002dc0        0x4 /media/trandi/SSD_DATA/progsDan/TI/StellarisWare_LM4F120/driverlib/gcc-cm4f/libdriver-cm4f.a(timer.o)
                0x00002dc0                TimerSynchronize
 .text.TimerQuiesce
                0x00002dc4       0x3c /media/trandi/SSD_DATA/progsDan/TI/StellarisWare_LM4F120/driverlib/gcc-cm4f/libdriver-cm4f.a(timer.o)
                0x00002dc4                TimerQuiesce
 .text.UARTIntNumberGet
                0x00002e00       0x28 /media/trandi/SSD_DATA/progsDan/TI/StellarisWare_LM4F120/driverlib/gcc-cm4f/libdriver-cm4f.a(uart.o)
 .text.UARTParityModeSet
                0x00002e28        0xc /media/trandi/SSD_DATA/progsDan/TI/StellarisWare_LM4F120/driverlib/gcc-cm4f/libdriver-cm4f.a(uart.o)
                0x00002e28                UARTParityModeSet
 .text.UARTParityModeGet
                0x00002e34        0x8 /media/trandi/SSD_DATA/progsDan/TI/StellarisWare_LM4F120/driverlib/gcc-cm4f/libdriver-cm4f.a(uart.o)
                0x00002e34                UARTParityModeGet
 .text.UARTFIFOLevelSet
                0x00002e3c        0x6 /media/trandi/SSD_DATA/progsDan/TI/StellarisWare_LM4F120/driverlib/gcc-cm4f/libdriver-cm4f.a(uart.o)
                0x00002e3c                UARTFIFOLevelSet
 .text.UARTFIFOLevelGet
                0x00002e42       0x10 /media/trandi/SSD_DATA/progsDan/TI/StellarisWare_LM4F120/driverlib/gcc-cm4f/libdriver-cm4f.a(uart.o)
                0x00002e42                UARTFIFOLevelGet
 .text.UARTConfigGetExpClk
                0x00002e52       0x28 /media/trandi/SSD_DATA/progsDan/TI/StellarisWare_LM4F120/driverlib/gcc-cm4f/libdriver-cm4f.a(uart.o)
                0x00002e52                UARTConfigGetExpClk
 .text.UARTEnable
                0x00002e7a       0x16 /media/trandi/SSD_DATA/progsDan/TI/StellarisWare_LM4F120/driverlib/gcc-cm4f/libdriver-cm4f.a(uart.o)
                0x00002e7a                UARTEnable
 .text.UARTDisable
                0x00002e90       0x1e /media/trandi/SSD_DATA/progsDan/TI/StellarisWare_LM4F120/driverlib/gcc-cm4f/libdriver-cm4f.a(uart.o)
                0x00002e90                UARTDisable
 .text.UARTConfigSetExpClk
                0x00002eae       0x4e /media/trandi/SSD_DATA/progsDan/TI/StellarisWare_LM4F120/driverlib/gcc-cm4f/libdriver-cm4f.a(uart.o)
                0x00002eae                UARTConfigSetExpClk
 .text.UARTFIFOEnable
                0x00002efc        0xa /media/trandi/SSD_DATA/progsDan/TI/StellarisWare_LM4F120/driverlib/gcc-cm4f/libdriver-cm4f.a(uart.o)
                0x00002efc                UARTFIFOEnable
 .text.UARTFIFODisable
                0x00002f06        0xa /media/trandi/SSD_DATA/progsDan/TI/StellarisWare_LM4F120/driverlib/gcc-cm4f/libdriver-cm4f.a(uart.o)
                0x00002f06                UARTFIFODisable
 .text.UARTEnableSIR
                0x00002f10       0x14 /media/trandi/SSD_DATA/progsDan/TI/StellarisWare_LM4F120/driverlib/gcc-cm4f/libdriver-cm4f.a(uart.o)
                0x00002f10                UARTEnableSIR
 .text.UARTDisableSIR
                0x00002f24        0xa /media/trandi/SSD_DATA/progsDan/TI/StellarisWare_LM4F120/driverlib/gcc-cm4f/libdriver-cm4f.a(uart.o)
                0x00002f24                UARTDisableSIR
 .text.UARTSmartCardEnable
                0x00002f2e       0x16 /media/trandi/SSD_DATA/progsDan/TI/StellarisWare_LM4F120/driverlib/gcc-cm4f/libdriver-cm4f.a(uart.o)
                0x00002f2e                UARTSmartCardEnable
 .text.UARTSmartCardDisable
                0x00002f44        0xa /media/trandi/SSD_DATA/progsDan/TI/StellarisWare_LM4F120/driverlib/gcc-cm4f/libdriver-cm4f.a(uart.o)
                0x00002f44                UARTSmartCardDisable
 .text.UARTModemControlSet
                0x00002f4e        0xc /media/trandi/SSD_DATA/progsDan/TI/StellarisWare_LM4F120/driverlib/gcc-cm4f/libdriver-cm4f.a(uart.o)
                0x00002f4e                UARTModemControlSet
 .text.UARTModemControlClear
                0x00002f5a        0xe /media/trandi/SSD_DATA/progsDan/TI/StellarisWare_LM4F120/driverlib/gcc-cm4f/libdriver-cm4f.a(uart.o)
                0x00002f5a                UARTModemControlClear
 .text.UARTModemControlGet
                0x00002f68        0x8 /media/trandi/SSD_DATA/progsDan/TI/StellarisWare_LM4F120/driverlib/gcc-cm4f/libdriver-cm4f.a(uart.o)
                0x00002f68                UARTModemControlGet
 .text.UARTModemStatusGet
                0x00002f70        0xc /media/trandi/SSD_DATA/progsDan/TI/StellarisWare_LM4F120/driverlib/gcc-cm4f/libdriver-cm4f.a(uart.o)
                0x00002f70                UARTModemStatusGet
 .text.UARTFlowControlSet
                0x00002f7c        0xc /media/trandi/SSD_DATA/progsDan/TI/StellarisWare_LM4F120/driverlib/gcc-cm4f/libdriver-cm4f.a(uart.o)
                0x00002f7c                UARTFlowControlSet
 .text.UARTFlowControlGet
                0x00002f88        0x8 /media/trandi/SSD_DATA/progsDan/TI/StellarisWare_LM4F120/driverlib/gcc-cm4f/libdriver-cm4f.a(uart.o)
                0x00002f88                UARTFlowControlGet
 .text.UARTTxIntModeSet
                0x00002f90        0xc /media/trandi/SSD_DATA/progsDan/TI/StellarisWare_LM4F120/driverlib/gcc-cm4f/libdriver-cm4f.a(uart.o)
                0x00002f90                UARTTxIntModeSet
 .text.UARTTxIntModeGet
                0x00002f9c        0x8 /media/trandi/SSD_DATA/progsDan/TI/StellarisWare_LM4F120/driverlib/gcc-cm4f/libdriver-cm4f.a(uart.o)
                0x00002f9c                UARTTxIntModeGet
 .text.UARTCharsAvail
                0x00002fa4       0x10 /media/trandi/SSD_DATA/progsDan/TI/StellarisWare_LM4F120/driverlib/gcc-cm4f/libdriver-cm4f.a(uart.o)
                0x00002fa4                UARTCharsAvail
 .text.UARTSpaceAvail
                0x00002fb4       0x10 /media/trandi/SSD_DATA/progsDan/TI/StellarisWare_LM4F120/driverlib/gcc-cm4f/libdriver-cm4f.a(uart.o)
                0x00002fb4                UARTSpaceAvail
 .text.UARTCharGetNonBlocking
                0x00002fc4       0x10 /media/trandi/SSD_DATA/progsDan/TI/StellarisWare_LM4F120/driverlib/gcc-cm4f/libdriver-cm4f.a(uart.o)
                0x00002fc4                UARTCharGetNonBlocking
 .text.UARTCharGet
                0x00002fd4        0xc /media/trandi/SSD_DATA/progsDan/TI/StellarisWare_LM4F120/driverlib/gcc-cm4f/libdriver-cm4f.a(uart.o)
                0x00002fd4                UARTCharGet
 .text.UARTCharPutNonBlocking
                0x00002fe0       0x12 /media/trandi/SSD_DATA/progsDan/TI/StellarisWare_LM4F120/driverlib/gcc-cm4f/libdriver-cm4f.a(uart.o)
                0x00002fe0                UARTCharPutNonBlocking
 .text.UARTCharPut
                0x00002ff2        0xc /media/trandi/SSD_DATA/progsDan/TI/StellarisWare_LM4F120/driverlib/gcc-cm4f/libdriver-cm4f.a(uart.o)
                0x00002ff2                UARTCharPut
 .text.UARTBreakCtl
                0x00002ffe       0x18 /media/trandi/SSD_DATA/progsDan/TI/StellarisWare_LM4F120/driverlib/gcc-cm4f/libdriver-cm4f.a(uart.o)
                0x00002ffe                UARTBreakCtl
 .text.UARTBusy
                0x00003016        0x8 /media/trandi/SSD_DATA/progsDan/TI/StellarisWare_LM4F120/driverlib/gcc-cm4f/libdriver-cm4f.a(uart.o)
                0x00003016                UARTBusy
 .text.UARTIntRegister
                0x0000301e       0x1a /media/trandi/SSD_DATA/progsDan/TI/StellarisWare_LM4F120/driverlib/gcc-cm4f/libdriver-cm4f.a(uart.o)
                0x0000301e                UARTIntRegister
 .text.UARTIntUnregister
                0x00003038       0x16 /media/trandi/SSD_DATA/progsDan/TI/StellarisWare_LM4F120/driverlib/gcc-cm4f/libdriver-cm4f.a(uart.o)
                0x00003038                UARTIntUnregister
 .text.UARTIntEnable
                0x0000304e        0x8 /media/trandi/SSD_DATA/progsDan/TI/StellarisWare_LM4F120/driverlib/gcc-cm4f/libdriver-cm4f.a(uart.o)
                0x0000304e                UARTIntEnable
 .text.UARTIntDisable
                0x00003056        0xa /media/trandi/SSD_DATA/progsDan/TI/StellarisWare_LM4F120/driverlib/gcc-cm4f/libdriver-cm4f.a(uart.o)
                0x00003056                UARTIntDisable
 .text.UARTIntStatus
                0x00003060        0xa /media/trandi/SSD_DATA/progsDan/TI/StellarisWare_LM4F120/driverlib/gcc-cm4f/libdriver-cm4f.a(uart.o)
                0x00003060                UARTIntStatus
 .text.UARTIntClear
                0x0000306a        0x4 /media/trandi/SSD_DATA/progsDan/TI/StellarisWare_LM4F120/driverlib/gcc-cm4f/libdriver-cm4f.a(uart.o)
                0x0000306a                UARTIntClear
 .text.UARTDMAEnable
                0x0000306e        0x8 /media/trandi/SSD_DATA/progsDan/TI/StellarisWare_LM4F120/driverlib/gcc-cm4f/libdriver-cm4f.a(uart.o)
                0x0000306e                UARTDMAEnable
 .text.UARTDMADisable
                0x00003076        0xa /media/trandi/SSD_DATA/progsDan/TI/StellarisWare_LM4F120/driverlib/gcc-cm4f/libdriver-cm4f.a(uart.o)
                0x00003076                UARTDMADisable
 .text.UARTRxErrorGet
                0x00003080        0x8 /media/trandi/SSD_DATA/progsDan/TI/StellarisWare_LM4F120/driverlib/gcc-cm4f/libdriver-cm4f.a(uart.o)
                0x00003080                UARTRxErrorGet
 .text.UARTRxErrorClear
                0x00003088        0x6 /media/trandi/SSD_DATA/progsDan/TI/StellarisWare_LM4F120/driverlib/gcc-cm4f/libdriver-cm4f.a(uart.o)
                0x00003088                UARTRxErrorClear
 .text.UARTClockSourceSet
                0x0000308e        0x6 /media/trandi/SSD_DATA/progsDan/TI/StellarisWare_LM4F120/driverlib/gcc-cm4f/libdriver-cm4f.a(uart.o)
                0x0000308e                UARTClockSourceSet
 .text.UARTClockSourceGet
                0x00003094        0x6 /media/trandi/SSD_DATA/progsDan/TI/StellarisWare_LM4F120/driverlib/gcc-cm4f/libdriver-cm4f.a(uart.o)
                0x00003094                UARTClockSourceGet
 .text.UART9BitEnable
                0x0000309a        0xe /media/trandi/SSD_DATA/progsDan/TI/StellarisWare_LM4F120/driverlib/gcc-cm4f/libdriver-cm4f.a(uart.o)
                0x0000309a                UART9BitEnable
 .text.UART9BitDisable
                0x000030a8        0xe /media/trandi/SSD_DATA/progsDan/TI/StellarisWare_LM4F120/driverlib/gcc-cm4f/libdriver-cm4f.a(uart.o)
                0x000030a8                UART9BitDisable
 .text.UART9BitAddrSet
                0x000030b6        0xa /media/trandi/SSD_DATA/progsDan/TI/StellarisWare_LM4F120/driverlib/gcc-cm4f/libdriver-cm4f.a(uart.o)
                0x000030b6                UART9BitAddrSet
 .text.UART9BitAddrSend
                0x000030c0       0x28 /media/trandi/SSD_DATA/progsDan/TI/StellarisWare_LM4F120/driverlib/gcc-cm4f/libdriver-cm4f.a(uart.o)
                0x000030c0                UART9BitAddrSend
 .text.CPUcpsid
                0x000030e8        0x8 /media/trandi/SSD_DATA/progsDan/TI/StellarisWare_LM4F120/driverlib/gcc-cm4f/libdriver-cm4f.a(cpu.o)
                0x000030e8                CPUcpsid
 .text.CPUprimask
                0x000030f0        0x6 /media/trandi/SSD_DATA/progsDan/TI/StellarisWare_LM4F120/driverlib/gcc-cm4f/libdriver-cm4f.a(cpu.o)
                0x000030f0                CPUprimask
 .text.CPUcpsie
                0x000030f6        0x8 /media/trandi/SSD_DATA/progsDan/TI/StellarisWare_LM4F120/driverlib/gcc-cm4f/libdriver-cm4f.a(cpu.o)
                0x000030f6                CPUcpsie
 .text.CPUwfi   0x000030fe        0x4 /media/trandi/SSD_DATA/progsDan/TI/StellarisWare_LM4F120/driverlib/gcc-cm4f/libdriver-cm4f.a(cpu.o)
                0x000030fe                CPUwfi
 .text.CPUbasepriSet
                0x00003102        0x6 /media/trandi/SSD_DATA/progsDan/TI/StellarisWare_LM4F120/driverlib/gcc-cm4f/libdriver-cm4f.a(cpu.o)
                0x00003102                CPUbasepriSet
 .text.CPUbasepriGet
                0x00003108        0x6 /media/trandi/SSD_DATA/progsDan/TI/StellarisWare_LM4F120/driverlib/gcc-cm4f/libdriver-cm4f.a(cpu.o)
                0x00003108                CPUbasepriGet
 *fill*         0x0000310e        0x2 
 .text.exit     0x00003110       0x20 /home/trandi/ti/ccsv6/tools/compiler/gcc-arm-none-eabi-4_9-2015q3/bin/../lib/gcc/arm-none-eabi/4.9.3/../../../../arm-none-eabi/lib/armv7e-m/softfp/libc.a(lib_a-exit.o)
                0x00003110                exit
 .text.__libc_init_array
                0x00003130       0x50 /home/trandi/ti/ccsv6/tools/compiler/gcc-arm-none-eabi-4_9-2015q3/bin/../lib/gcc/arm-none-eabi/4.9.3/../../../../arm-none-eabi/lib/armv7e-m/softfp/libc.a(lib_a-init.o)
                0x00003130                __libc_init_array
 .text.memset   0x00003180       0x9c /home/trandi/ti/ccsv6/tools/compiler/gcc-arm-none-eabi-4_9-2015q3/bin/../lib/gcc/arm-none-eabi/4.9.3/../../../../arm-none-eabi/lib/armv7e-m/softfp/libc.a(lib_a-memset.o)
                0x00003180                memset
 .text.startup.register_fini
                0x0000321c       0x14 /home/trandi/ti/ccsv6/tools/compiler/gcc-arm-none-eabi-4_9-2015q3/bin/../lib/gcc/arm-none-eabi/4.9.3/../../../../arm-none-eabi/lib/armv7e-m/softfp/libc.a(lib_a-__call_atexit.o)
 .text.__call_exitprocs
                0x00003230       0xd4 /home/trandi/ti/ccsv6/tools/compiler/gcc-arm-none-eabi-4_9-2015q3/bin/../lib/gcc/arm-none-eabi/4.9.3/../../../../arm-none-eabi/lib/armv7e-m/softfp/libc.a(lib_a-__call_atexit.o)
                0x00003230                __call_exitprocs
 .text.atexit   0x00003304        0xc /home/trandi/ti/ccsv6/tools/compiler/gcc-arm-none-eabi-4_9-2015q3/bin/../lib/gcc/arm-none-eabi/4.9.3/../../../../arm-none-eabi/lib/armv7e-m/softfp/libc.a(lib_a-atexit.o)
                0x00003304                atexit
 .text.__libc_fini_array
                0x00003310       0x2c /home/trandi/ti/ccsv6/tools/compiler/gcc-arm-none-eabi-4_9-2015q3/bin/../lib/gcc/arm-none-eabi/4.9.3/../../../../arm-none-eabi/lib/armv7e-m/softfp/libc.a(lib_a-fini.o)
                0x00003310                __libc_fini_array
 .text.__register_exitproc
                0x0000333c       0xa4 /home/trandi/ti/ccsv6/tools/compiler/gcc-arm-none-eabi-4_9-2015q3/bin/../lib/gcc/arm-none-eabi/4.9.3/../../../../arm-none-eabi/lib/armv7e-m/softfp/libc.a(lib_a-__atexit.o)
                0x0000333c                __register_exitproc
 .text._exit    0x000033e0        0x4 /home/trandi/ti/ccsv6/tools/compiler/gcc-arm-none-eabi-4_9-2015q3/bin/../lib/gcc/arm-none-eabi/4.9.3/../../../../arm-none-eabi/lib/armv7e-m/softfp/libnosys.a(_exit.o)
                0x000033e0                _exit
                0x000033e4                . = ALIGN (0x4)
 *(.ctors)
                0x000033e4                . = ALIGN (0x4)
 *(.dtors)
                0x000033e4                . = ALIGN (0x4)
                0x000033e4                __init_array_start = .
 *(.init_array*)
 .init_array    0x000033e4        0x4 /home/trandi/ti/ccsv6/tools/compiler/gcc-arm-none-eabi-4_9-2015q3/bin/../lib/gcc/arm-none-eabi/4.9.3/armv7e-m/softfp/crtbegin.o
 .init_array.00000
                0x000033e8        0x4 /home/trandi/ti/ccsv6/tools/compiler/gcc-arm-none-eabi-4_9-2015q3/bin/../lib/gcc/arm-none-eabi/4.9.3/../../../../arm-none-eabi/lib/armv7e-m/softfp/libc.a(lib_a-__call_atexit.o)
                0x000033ec                __init_array_end = .
 *(.init)
 .init          0x000033ec        0x4 /home/trandi/ti/ccsv6/tools/compiler/gcc-arm-none-eabi-4_9-2015q3/bin/../lib/gcc/arm-none-eabi/4.9.3/armv7e-m/softfp/crti.o
                0x000033ec                _init
 .init          0x000033f0        0x8 /home/trandi/ti/ccsv6/tools/compiler/gcc-arm-none-eabi-4_9-2015q3/bin/../lib/gcc/arm-none-eabi/4.9.3/armv7e-m/softfp/crtn.o
 *(.fini*)
 .fini          0x000033f8        0x4 /home/trandi/ti/ccsv6/tools/compiler/gcc-arm-none-eabi-4_9-2015q3/bin/../lib/gcc/arm-none-eabi/4.9.3/armv7e-m/softfp/crti.o
                0x000033f8                _fini
 .fini_array    0x000033fc        0x4 /home/trandi/ti/ccsv6/tools/compiler/gcc-arm-none-eabi-4_9-2015q3/bin/../lib/gcc/arm-none-eabi/4.9.3/armv7e-m/softfp/crtbegin.o
 .fini          0x00003400        0x8 /home/trandi/ti/ccsv6/tools/compiler/gcc-arm-none-eabi-4_9-2015q3/bin/../lib/gcc/arm-none-eabi/4.9.3/armv7e-m/softfp/crtn.o
                0x00003408                PROVIDE (__etext, .)
                0x00003408                PROVIDE (_etext, .)
                0x00003408                PROVIDE (etext, .)

.glue_7         0x00003408        0x0
 .glue_7        0x00000000        0x0 linker stubs

.glue_7t        0x00003408        0x0
 .glue_7t       0x00000000        0x0 linker stubs

.vfp11_veneer   0x00003408        0x0
 .vfp11_veneer  0x00000000        0x0 linker stubs

.v4_bx          0x00003408        0x0
 .v4_bx         0x00000000        0x0 linker stubs

.iplt           0x00003408        0x0
 .iplt          0x00000000        0x0 /home/trandi/ti/ccsv6/tools/compiler/gcc-arm-none-eabi-4_9-2015q3/bin/../lib/gcc/arm-none-eabi/4.9.3/armv7e-m/softfp/crtbegin.o

.rodata         0x00003408      0x4d8
 *(.rodata)
 .rodata        0x00003408       0x9c ./main.o
 .rodata        0x000034a4       0x26 ./uartstdio.o
 *(.rodata*)
 *fill*         0x000034ca        0x2 
 .rodata.g_pcHex
                0x000034cc        0x4 ./uartstdio.o
 .rodata.g_ulUARTBase
                0x000034d0        0xc ./uartstdio.o
 .rodata.g_ulUARTPeriph
                0x000034dc        0xc ./uartstdio.o
 .rodata.g_pulGPIOBaseAddrs
                0x000034e8       0x78 /media/trandi/SSD_DATA/progsDan/TI/StellarisWare_LM4F120/driverlib/gcc-cm4f/libdriver-cm4f.a(gpio.o)
 .rodata.g_pulEnRegs
                0x00003560       0x14 /media/trandi/SSD_DATA/progsDan/TI/StellarisWare_LM4F120/driverlib/gcc-cm4f/libdriver-cm4f.a(interrupt.o)
 .rodata.g_pulDisRegs
                0x00003574       0x14 /media/trandi/SSD_DATA/progsDan/TI/StellarisWare_LM4F120/driverlib/gcc-cm4f/libdriver-cm4f.a(interrupt.o)
 .rodata.g_pulPendRegs
                0x00003588       0x14 /media/trandi/SSD_DATA/progsDan/TI/StellarisWare_LM4F120/driverlib/gcc-cm4f/libdriver-cm4f.a(interrupt.o)
 .rodata.g_pulUnpendRegs
                0x0000359c       0x14 /media/trandi/SSD_DATA/progsDan/TI/StellarisWare_LM4F120/driverlib/gcc-cm4f/libdriver-cm4f.a(interrupt.o)
 .rodata.g_pulPriority
                0x000035b0       0x20 /media/trandi/SSD_DATA/progsDan/TI/StellarisWare_LM4F120/driverlib/gcc-cm4f/libdriver-cm4f.a(interrupt.o)
 .rodata.g_pulRegs
                0x000035d0       0x9c /media/trandi/SSD_DATA/progsDan/TI/StellarisWare_LM4F120/driverlib/gcc-cm4f/libdriver-cm4f.a(interrupt.o)
 .rodata.g_pulDCRegs
                0x0000366c       0x10 /media/trandi/SSD_DATA/progsDan/TI/StellarisWare_LM4F120/driverlib/gcc-cm4f/libdriver-cm4f.a(sysctl.o)
 .rodata.g_pulXtals
                0x0000367c       0x6c /media/trandi/SSD_DATA/progsDan/TI/StellarisWare_LM4F120/driverlib/gcc-cm4f/libdriver-cm4f.a(sysctl.o)
 .rodata.g_pulDCGCRegs
                0x000036e8        0xc /media/trandi/SSD_DATA/progsDan/TI/StellarisWare_LM4F120/driverlib/gcc-cm4f/libdriver-cm4f.a(sysctl.o)
 .rodata.g_ppulPeripheralMap
                0x000036f4      0x120 /media/trandi/SSD_DATA/progsDan/TI/StellarisWare_LM4F120/driverlib/gcc-cm4f/libdriver-cm4f.a(sysctl.o)
 .rodata.g_pulRCGCRegs
                0x00003814        0xc /media/trandi/SSD_DATA/progsDan/TI/StellarisWare_LM4F120/driverlib/gcc-cm4f/libdriver-cm4f.a(sysctl.o)
 .rodata.g_pulSCGCRegs
                0x00003820        0xc /media/trandi/SSD_DATA/progsDan/TI/StellarisWare_LM4F120/driverlib/gcc-cm4f/libdriver-cm4f.a(sysctl.o)
 .rodata.g_pulSRCRRegs
                0x0000382c        0xc /media/trandi/SSD_DATA/progsDan/TI/StellarisWare_LM4F120/driverlib/gcc-cm4f/libdriver-cm4f.a(sysctl.o)
 .rodata.g_ppulTimerIntMap
                0x00003838       0x60 /media/trandi/SSD_DATA/progsDan/TI/StellarisWare_LM4F120/driverlib/gcc-cm4f/libdriver-cm4f.a(timer.o)
 .rodata.g_ppulUARTIntMap
                0x00003898       0x40 /media/trandi/SSD_DATA/progsDan/TI/StellarisWare_LM4F120/driverlib/gcc-cm4f/libdriver-cm4f.a(uart.o)
 .rodata.str1.4
                0x000038d8        0x4 /home/trandi/ti/ccsv6/tools/compiler/gcc-arm-none-eabi-4_9-2015q3/bin/../lib/gcc/arm-none-eabi/4.9.3/../../../../arm-none-eabi/lib/armv7e-m/softfp/libc.a(lib_a-impure.o)
                                  0x2 (size before relaxing)
 .rodata._global_impure_ptr
                0x000038dc        0x4 /home/trandi/ti/ccsv6/tools/compiler/gcc-arm-none-eabi-4_9-2015q3/bin/../lib/gcc/arm-none-eabi/4.9.3/../../../../arm-none-eabi/lib/armv7e-m/softfp/libc.a(lib_a-impure.o)
                0x000038dc                _global_impure_ptr

.eh_frame       0x000038e0        0x4
 .eh_frame      0x000038e0        0x0 /home/trandi/ti/ccsv6/tools/compiler/gcc-arm-none-eabi-4_9-2015q3/bin/../lib/gcc/arm-none-eabi/4.9.3/armv7e-m/softfp/crtbegin.o
 .eh_frame      0x000038e0        0x4 /home/trandi/ti/ccsv6/tools/compiler/gcc-arm-none-eabi-4_9-2015q3/bin/../lib/gcc/arm-none-eabi/4.9.3/armv7e-m/softfp/crtend.o

.data           0x20000000      0x434 load address 0x000038e4
                0x000038e4                __data_load__ = LOADADDR (.data)
                0x20000000                __data_start__ = .
 *(.data)
 .data          0x20000000        0x0 /home/trandi/ti/ccsv6/tools/compiler/gcc-arm-none-eabi-4_9-2015q3/bin/../lib/gcc/arm-none-eabi/4.9.3/armv7e-m/softfp/crti.o
 .data          0x20000000        0x4 /home/trandi/ti/ccsv6/tools/compiler/gcc-arm-none-eabi-4_9-2015q3/bin/../lib/gcc/arm-none-eabi/4.9.3/armv7e-m/softfp/crtbegin.o
                0x20000000                __dso_handle
 .data          0x20000004        0x0 /home/trandi/ti/ccsv6/tools/compiler/gcc-arm-none-eabi-4_9-2015q3/bin/../lib/gcc/arm-none-eabi/4.9.3/../../../../arm-none-eabi/lib/armv7e-m/softfp/crt0.o
 .data          0x20000004        0x0 ./lm4f120h5qr_startup_ccs_gcc.o
 .data          0x20000004        0x0 ./main.o
 .data          0x20000004        0x0 ./uartstdio.o
 .data          0x20000004        0x0 /media/trandi/SSD_DATA/progsDan/TI/StellarisWare_LM4F120/driverlib/gcc-cm4f/libdriver-cm4f.a(gpio.o)
 .data          0x20000004        0x0 /media/trandi/SSD_DATA/progsDan/TI/StellarisWare_LM4F120/driverlib/gcc-cm4f/libdriver-cm4f.a(interrupt.o)
 .data          0x20000004        0x0 /media/trandi/SSD_DATA/progsDan/TI/StellarisWare_LM4F120/driverlib/gcc-cm4f/libdriver-cm4f.a(sysctl.o)
 .data          0x20000004        0x0 /media/trandi/SSD_DATA/progsDan/TI/StellarisWare_LM4F120/driverlib/gcc-cm4f/libdriver-cm4f.a(timer.o)
 .data          0x20000004        0x0 /media/trandi/SSD_DATA/progsDan/TI/StellarisWare_LM4F120/driverlib/gcc-cm4f/libdriver-cm4f.a(uart.o)
 .data          0x20000004        0x0 /media/trandi/SSD_DATA/progsDan/TI/StellarisWare_LM4F120/driverlib/gcc-cm4f/libdriver-cm4f.a(cpu.o)
 .data          0x20000004        0x0 /home/trandi/ti/ccsv6/tools/compiler/gcc-arm-none-eabi-4_9-2015q3/bin/../lib/gcc/arm-none-eabi/4.9.3/../../../../arm-none-eabi/lib/armv7e-m/softfp/libc.a(lib_a-exit.o)
 .data          0x20000004        0x0 /home/trandi/ti/ccsv6/tools/compiler/gcc-arm-none-eabi-4_9-2015q3/bin/../lib/gcc/arm-none-eabi/4.9.3/../../../../arm-none-eabi/lib/armv7e-m/softfp/libc.a(lib_a-impure.o)
 .data          0x20000004        0x0 /home/trandi/ti/ccsv6/tools/compiler/gcc-arm-none-eabi-4_9-2015q3/bin/../lib/gcc/arm-none-eabi/4.9.3/../../../../arm-none-eabi/lib/armv7e-m/softfp/libc.a(lib_a-init.o)
 .data          0x20000004        0x0 /home/trandi/ti/ccsv6/tools/compiler/gcc-arm-none-eabi-4_9-2015q3/bin/../lib/gcc/arm-none-eabi/4.9.3/../../../../arm-none-eabi/lib/armv7e-m/softfp/libc.a(lib_a-memset.o)
 .data          0x20000004        0x0 /home/trandi/ti/ccsv6/tools/compiler/gcc-arm-none-eabi-4_9-2015q3/bin/../lib/gcc/arm-none-eabi/4.9.3/../../../../arm-none-eabi/lib/armv7e-m/softfp/libc.a(lib_a-__call_atexit.o)
 .data          0x20000004        0x0 /home/trandi/ti/ccsv6/tools/compiler/gcc-arm-none-eabi-4_9-2015q3/bin/../lib/gcc/arm-none-eabi/4.9.3/../../../../arm-none-eabi/lib/armv7e-m/softfp/libc.a(lib_a-atexit.o)
 .data          0x20000004        0x0 /home/trandi/ti/ccsv6/tools/compiler/gcc-arm-none-eabi-4_9-2015q3/bin/../lib/gcc/arm-none-eabi/4.9.3/../../../../arm-none-eabi/lib/armv7e-m/softfp/libc.a(lib_a-fini.o)
 .data          0x20000004        0x0 /home/trandi/ti/ccsv6/tools/compiler/gcc-arm-none-eabi-4_9-2015q3/bin/../lib/gcc/arm-none-eabi/4.9.3/../../../../arm-none-eabi/lib/armv7e-m/softfp/libc.a(lib_a-__atexit.o)
 .data          0x20000004        0x0 /home/trandi/ti/ccsv6/tools/compiler/gcc-arm-none-eabi-4_9-2015q3/bin/../lib/gcc/arm-none-eabi/4.9.3/armv7e-m/softfp/libgcc.a(_arm_addsubdf3.o)
 .data          0x20000004        0x0 /home/trandi/ti/ccsv6/tools/compiler/gcc-arm-none-eabi-4_9-2015q3/bin/../lib/gcc/arm-none-eabi/4.9.3/armv7e-m/softfp/libgcc.a(_arm_muldivdf3.o)
 .data          0x20000004        0x0 /home/trandi/ti/ccsv6/tools/compiler/gcc-arm-none-eabi-4_9-2015q3/bin/../lib/gcc/arm-none-eabi/4.9.3/armv7e-m/softfp/libgcc.a(_arm_fixdfsi.o)
 .data          0x20000004        0x0 /home/trandi/ti/ccsv6/tools/compiler/gcc-arm-none-eabi-4_9-2015q3/bin/../lib/gcc/arm-none-eabi/4.9.3/../../../../arm-none-eabi/lib/armv7e-m/softfp/libnosys.a(_exit.o)
 .data          0x20000004        0x0 /home/trandi/ti/ccsv6/tools/compiler/gcc-arm-none-eabi-4_9-2015q3/bin/../lib/gcc/arm-none-eabi/4.9.3/armv7e-m/softfp/crtend.o
 .data          0x20000004        0x0 /home/trandi/ti/ccsv6/tools/compiler/gcc-arm-none-eabi-4_9-2015q3/bin/../lib/gcc/arm-none-eabi/4.9.3/armv7e-m/softfp/crtn.o
 *(.data*)
 *fill*         0x20000004        0x4 
 .data.impure_data
                0x20000008      0x428 /home/trandi/ti/ccsv6/tools/compiler/gcc-arm-none-eabi-4_9-2015q3/bin/../lib/gcc/arm-none-eabi/4.9.3/../../../../arm-none-eabi/lib/armv7e-m/softfp/libc.a(lib_a-impure.o)
 .data._impure_ptr
                0x20000430        0x4 /home/trandi/ti/ccsv6/tools/compiler/gcc-arm-none-eabi-4_9-2015q3/bin/../lib/gcc/arm-none-eabi/4.9.3/../../../../arm-none-eabi/lib/armv7e-m/softfp/libc.a(lib_a-impure.o)
                0x20000430                _impure_ptr
                0x20000434                . = ALIGN (0x4)
                0x20000434                __data_end__ = .

.jcr            0x20000434        0x4 load address 0x00003d18
 .jcr           0x20000434        0x0 /home/trandi/ti/ccsv6/tools/compiler/gcc-arm-none-eabi-4_9-2015q3/bin/../lib/gcc/arm-none-eabi/4.9.3/armv7e-m/softfp/crtbegin.o
 .jcr           0x20000434        0x4 /home/trandi/ti/ccsv6/tools/compiler/gcc-arm-none-eabi-4_9-2015q3/bin/../lib/gcc/arm-none-eabi/4.9.3/armv7e-m/softfp/crtend.o

.igot.plt       0x20000438        0x0 load address 0x00003d1c
 .igot.plt      0x00000000        0x0 /home/trandi/ti/ccsv6/tools/compiler/gcc-arm-none-eabi-4_9-2015q3/bin/../lib/gcc/arm-none-eabi/4.9.3/armv7e-m/softfp/crtbegin.o

vtable          0x20000800      0x400 load address 0x00003d1c
                0x20000800                PROVIDE (__start_vtable, .)
 vtable         0x20000800      0x400 /media/trandi/SSD_DATA/progsDan/TI/StellarisWare_LM4F120/driverlib/gcc-cm4f/libdriver-cm4f.a(interrupt.o)
                0x20000c00                PROVIDE (__stop_vtable, .)

.ARM.exidx      0x0000411c        0x8
                0x0000411c                __exidx_start = .
 *(.ARM.exidx* .gnu.linkonce.armexidx.*)
 .ARM.exidx     0x0000411c        0x8 /home/trandi/ti/ccsv6/tools/compiler/gcc-arm-none-eabi-4_9-2015q3/bin/../lib/gcc/arm-none-eabi/4.9.3/../../../../arm-none-eabi/lib/armv7e-m/softfp/crt0.o
                0x00004124                __exidx_end = .

.ARM.extab      0x00004124        0x0
 *(.ARM.extab* .gnu.linkonce.armextab.*)
 .ARM.extab     0x00004124        0x0 /home/trandi/ti/ccsv6/tools/compiler/gcc-arm-none-eabi-4_9-2015q3/bin/../lib/gcc/arm-none-eabi/4.9.3/../../../../arm-none-eabi/lib/armv7e-m/softfp/crt0.o

.rel.dyn        0x00004124        0x0
 .rel.iplt      0x00000000        0x0 /home/trandi/ti/ccsv6/tools/compiler/gcc-arm-none-eabi-4_9-2015q3/bin/../lib/gcc/arm-none-eabi/4.9.3/armv7e-m/softfp/crtbegin.o

.bss            0x20000c00      0x250
                0x20000c00                __bss_start__ = .
 *(.shbss)
 *(.bss)
 .bss           0x20000c00        0x0 /home/trandi/ti/ccsv6/tools/compiler/gcc-arm-none-eabi-4_9-2015q3/bin/../lib/gcc/arm-none-eabi/4.9.3/armv7e-m/softfp/crti.o
 .bss           0x20000c00       0x1c /home/trandi/ti/ccsv6/tools/compiler/gcc-arm-none-eabi-4_9-2015q3/bin/../lib/gcc/arm-none-eabi/4.9.3/armv7e-m/softfp/crtbegin.o
 .bss           0x20000c1c        0x0 /home/trandi/ti/ccsv6/tools/compiler/gcc-arm-none-eabi-4_9-2015q3/bin/../lib/gcc/arm-none-eabi/4.9.3/../../../../arm-none-eabi/lib/armv7e-m/softfp/crt0.o
 .bss           0x20000c1c        0x0 ./lm4f120h5qr_startup_ccs_gcc.o
 .bss           0x20000c1c        0x0 ./main.o
 .bss           0x20000c1c        0x0 ./uartstdio.o
 .bss           0x20000c1c        0x0 /media/trandi/SSD_DATA/progsDan/TI/StellarisWare_LM4F120/driverlib/gcc-cm4f/libdriver-cm4f.a(gpio.o)
 .bss           0x20000c1c        0x0 /media/trandi/SSD_DATA/progsDan/TI/StellarisWare_LM4F120/driverlib/gcc-cm4f/libdriver-cm4f.a(interrupt.o)
 .bss           0x20000c1c        0x0 /media/trandi/SSD_DATA/progsDan/TI/StellarisWare_LM4F120/driverlib/gcc-cm4f/libdriver-cm4f.a(sysctl.o)
 .bss           0x20000c1c        0x0 /media/trandi/SSD_DATA/progsDan/TI/StellarisWare_LM4F120/driverlib/gcc-cm4f/libdriver-cm4f.a(timer.o)
 .bss           0x20000c1c        0x0 /media/trandi/SSD_DATA/progsDan/TI/StellarisWare_LM4F120/driverlib/gcc-cm4f/libdriver-cm4f.a(uart.o)
 .bss           0x20000c1c        0x0 /media/trandi/SSD_DATA/progsDan/TI/StellarisWare_LM4F120/driverlib/gcc-cm4f/libdriver-cm4f.a(cpu.o)
 .bss           0x20000c1c        0x0 /home/trandi/ti/ccsv6/tools/compiler/gcc-arm-none-eabi-4_9-2015q3/bin/../lib/gcc/arm-none-eabi/4.9.3/../../../../arm-none-eabi/lib/armv7e-m/softfp/libc.a(lib_a-exit.o)
 .bss           0x20000c1c        0x0 /home/trandi/ti/ccsv6/tools/compiler/gcc-arm-none-eabi-4_9-2015q3/bin/../lib/gcc/arm-none-eabi/4.9.3/../../../../arm-none-eabi/lib/armv7e-m/softfp/libc.a(lib_a-impure.o)
 .bss           0x20000c1c        0x0 /home/trandi/ti/ccsv6/tools/compiler/gcc-arm-none-eabi-4_9-2015q3/bin/../lib/gcc/arm-none-eabi/4.9.3/../../../../arm-none-eabi/lib/armv7e-m/softfp/libc.a(lib_a-init.o)
 .bss           0x20000c1c        0x0 /home/trandi/ti/ccsv6/tools/compiler/gcc-arm-none-eabi-4_9-2015q3/bin/../lib/gcc/arm-none-eabi/4.9.3/../../../../arm-none-eabi/lib/armv7e-m/softfp/libc.a(lib_a-memset.o)
 .bss           0x20000c1c        0x0 /home/trandi/ti/ccsv6/tools/compiler/gcc-arm-none-eabi-4_9-2015q3/bin/../lib/gcc/arm-none-eabi/4.9.3/../../../../arm-none-eabi/lib/armv7e-m/softfp/libc.a(lib_a-__call_atexit.o)
 .bss           0x20000c1c        0x0 /home/trandi/ti/ccsv6/tools/compiler/gcc-arm-none-eabi-4_9-2015q3/bin/../lib/gcc/arm-none-eabi/4.9.3/../../../../arm-none-eabi/lib/armv7e-m/softfp/libc.a(lib_a-atexit.o)
 .bss           0x20000c1c        0x0 /home/trandi/ti/ccsv6/tools/compiler/gcc-arm-none-eabi-4_9-2015q3/bin/../lib/gcc/arm-none-eabi/4.9.3/../../../../arm-none-eabi/lib/armv7e-m/softfp/libc.a(lib_a-fini.o)
 .bss           0x20000c1c        0x0 /home/trandi/ti/ccsv6/tools/compiler/gcc-arm-none-eabi-4_9-2015q3/bin/../lib/gcc/arm-none-eabi/4.9.3/../../../../arm-none-eabi/lib/armv7e-m/softfp/libc.a(lib_a-__atexit.o)
 .bss           0x20000c1c        0x0 /home/trandi/ti/ccsv6/tools/compiler/gcc-arm-none-eabi-4_9-2015q3/bin/../lib/gcc/arm-none-eabi/4.9.3/armv7e-m/softfp/libgcc.a(_arm_addsubdf3.o)
 .bss           0x20000c1c        0x0 /home/trandi/ti/ccsv6/tools/compiler/gcc-arm-none-eabi-4_9-2015q3/bin/../lib/gcc/arm-none-eabi/4.9.3/armv7e-m/softfp/libgcc.a(_arm_muldivdf3.o)
 .bss           0x20000c1c        0x0 /home/trandi/ti/ccsv6/tools/compiler/gcc-arm-none-eabi-4_9-2015q3/bin/../lib/gcc/arm-none-eabi/4.9.3/armv7e-m/softfp/libgcc.a(_arm_fixdfsi.o)
 .bss           0x20000c1c        0x0 /home/trandi/ti/ccsv6/tools/compiler/gcc-arm-none-eabi-4_9-2015q3/bin/../lib/gcc/arm-none-eabi/4.9.3/../../../../arm-none-eabi/lib/armv7e-m/softfp/libnosys.a(_exit.o)
 .bss           0x20000c1c        0x0 /home/trandi/ti/ccsv6/tools/compiler/gcc-arm-none-eabi-4_9-2015q3/bin/../lib/gcc/arm-none-eabi/4.9.3/armv7e-m/softfp/crtend.o
 .bss           0x20000c1c        0x0 /home/trandi/ti/ccsv6/tools/compiler/gcc-arm-none-eabi-4_9-2015q3/bin/../lib/gcc/arm-none-eabi/4.9.3/armv7e-m/softfp/crtn.o
 *(.bss.*)
 .bss.pui32Stack
                0x20000c1c      0x200 ./lm4f120h5qr_startup_ccs_gcc.o
 .bss._readingMsg
                0x20000e1c        0x1 ./main.o
                0x20000e1c                _readingMsg
 .bss._validData
                0x20000e1d        0x1 ./main.o
                0x20000e1d                _validData
 *fill*         0x20000e1e        0x2 
 .bss.g_ulBase  0x20000e20        0x4 ./uartstdio.o
 .bss.bLastWasCR.4256
                0x20000e24        0x1 ./uartstdio.o
 *fill*         0x20000e25        0x3 
 .bss.ulOscSelect
                0x20000e28        0x4 /media/trandi/SSD_DATA/progsDan/TI/StellarisWare_LM4F120/driverlib/gcc-cm4f/libdriver-cm4f.a(sysctl.o)
                0x20000e28                ulOscSelect
 .bss.ulSysDiv  0x20000e2c        0x4 /media/trandi/SSD_DATA/progsDan/TI/StellarisWare_LM4F120/driverlib/gcc-cm4f/libdriver-cm4f.a(sysctl.o)
                0x20000e2c                ulSysDiv
 .bss.ulOsc     0x20000e30        0x4 /media/trandi/SSD_DATA/progsDan/TI/StellarisWare_LM4F120/driverlib/gcc-cm4f/libdriver-cm4f.a(sysctl.o)
                0x20000e30                ulOsc
 .bss.bNewPLL   0x20000e34        0x1 /media/trandi/SSD_DATA/progsDan/TI/StellarisWare_LM4F120/driverlib/gcc-cm4f/libdriver-cm4f.a(sysctl.o)
                0x20000e34                bNewPLL
 *(COMMON)
 *fill*         0x20000e35        0x3 
 COMMON         0x20000e38       0x15 ./main.o
                0x20000e38                _msgPos
                0x20000e3c                _msg
                0x20000e44                _joystickX
                0x20000e48                _joystickY
                0x20000e4c                _prevChar
                0x20000e50                . = ALIGN (0x4)
 *fill*         0x20000e4d        0x3 
                0x20000e50                __bss_end__ = .

.heap           0x20000e50        0x0
                0x20000e50                __heap_start__ = .
                0x20000e50                end = __heap_start__
                0x20000e50                _end = end
                0x20000e50                __end = end
 *(.heap)
                0x20000e50                __heap_end__ = .
                0x20000e50                __HeapLimit = __heap_end__

.stack          0x20000e50        0x0
                0x20000e50                _stack = .
                0x20000e50                __stack = .
 *(.stack)
START GROUP
LOAD /media/trandi/SSD_DATA/progsDan/TI/StellarisWare_LM4F120/driverlib/gcc-cm4f/libdriver-cm4f.a
LOAD /home/trandi/ti/ccsv6/tools/compiler/gcc-arm-none-eabi-4_9-2015q3/bin/../lib/gcc/arm-none-eabi/4.9.3/../../../../arm-none-eabi/lib/armv7e-m/softfp/libc.a
END GROUP
START GROUP
LOAD /home/trandi/ti/ccsv6/tools/compiler/gcc-arm-none-eabi-4_9-2015q3/bin/../lib/gcc/arm-none-eabi/4.9.3/armv7e-m/softfp/libgcc.a
LOAD /home/trandi/ti/ccsv6/tools/compiler/gcc-arm-none-eabi-4_9-2015q3/bin/../lib/gcc/arm-none-eabi/4.9.3/../../../../arm-none-eabi/lib/armv7e-m/softfp/libg.a
LOAD /home/trandi/ti/ccsv6/tools/compiler/gcc-arm-none-eabi-4_9-2015q3/bin/../lib/gcc/arm-none-eabi/4.9.3/../../../../arm-none-eabi/lib/armv7e-m/softfp/libc.a
END GROUP
START GROUP
LOAD /home/trandi/ti/ccsv6/tools/compiler/gcc-arm-none-eabi-4_9-2015q3/bin/../lib/gcc/arm-none-eabi/4.9.3/armv7e-m/softfp/libgcc.a
LOAD /home/trandi/ti/ccsv6/tools/compiler/gcc-arm-none-eabi-4_9-2015q3/bin/../lib/gcc/arm-none-eabi/4.9.3/../../../../arm-none-eabi/lib/armv7e-m/softfp/libc.a
LOAD /home/trandi/ti/ccsv6/tools/compiler/gcc-arm-none-eabi-4_9-2015q3/bin/../lib/gcc/arm-none-eabi/4.9.3/../../../../arm-none-eabi/lib/armv7e-m/softfp/libnosys.a
END GROUP
LOAD /home/trandi/ti/ccsv6/tools/compiler/gcc-arm-none-eabi-4_9-2015q3/bin/../lib/gcc/arm-none-eabi/4.9.3/armv7e-m/softfp/crtend.o
LOAD /home/trandi/ti/ccsv6/tools/compiler/gcc-arm-none-eabi-4_9-2015q3/bin/../lib/gcc/arm-none-eabi/4.9.3/armv7e-m/softfp/crtn.o
OUTPUT(LM4F120XL_WirelessMotors.out elf32-littlearm)

.ARM.attributes
                0x00000000       0x30
 .ARM.attributes
                0x00000000       0x22 /home/trandi/ti/ccsv6/tools/compiler/gcc-arm-none-eabi-4_9-2015q3/bin/../lib/gcc/arm-none-eabi/4.9.3/armv7e-m/softfp/crti.o
 .ARM.attributes
                0x00000022       0x32 /home/trandi/ti/ccsv6/tools/compiler/gcc-arm-none-eabi-4_9-2015q3/bin/../lib/gcc/arm-none-eabi/4.9.3/armv7e-m/softfp/crtbegin.o
 .ARM.attributes
                0x00000054       0x20 /home/trandi/ti/ccsv6/tools/compiler/gcc-arm-none-eabi-4_9-2015q3/bin/../lib/gcc/arm-none-eabi/4.9.3/../../../../arm-none-eabi/lib/armv7e-m/softfp/crt0.o
 .ARM.attributes
                0x00000074       0x37 ./lm4f120h5qr_startup_ccs_gcc.o
 .ARM.attributes
                0x000000ab       0x37 ./main.o
 .ARM.attributes
                0x000000e2       0x37 ./uartstdio.o
 .ARM.attributes
                0x00000119       0x37 /media/trandi/SSD_DATA/progsDan/TI/StellarisWare_LM4F120/driverlib/gcc-cm4f/libdriver-cm4f.a(gpio.o)
 .ARM.attributes
                0x00000150       0x37 /media/trandi/SSD_DATA/progsDan/TI/StellarisWare_LM4F120/driverlib/gcc-cm4f/libdriver-cm4f.a(interrupt.o)
 .ARM.attributes
                0x00000187       0x37 /media/trandi/SSD_DATA/progsDan/TI/StellarisWare_LM4F120/driverlib/gcc-cm4f/libdriver-cm4f.a(sysctl.o)
 .ARM.attributes
                0x000001be       0x37 /media/trandi/SSD_DATA/progsDan/TI/StellarisWare_LM4F120/driverlib/gcc-cm4f/libdriver-cm4f.a(timer.o)
 .ARM.attributes
                0x000001f5       0x37 /media/trandi/SSD_DATA/progsDan/TI/StellarisWare_LM4F120/driverlib/gcc-cm4f/libdriver-cm4f.a(uart.o)
 .ARM.attributes
                0x0000022c       0x37 /media/trandi/SSD_DATA/progsDan/TI/StellarisWare_LM4F120/driverlib/gcc-cm4f/libdriver-cm4f.a(cpu.o)
 .ARM.attributes
                0x00000263       0x32 /home/trandi/ti/ccsv6/tools/compiler/gcc-arm-none-eabi-4_9-2015q3/bin/../lib/gcc/arm-none-eabi/4.9.3/../../../../arm-none-eabi/lib/armv7e-m/softfp/libc.a(lib_a-exit.o)
 .ARM.attributes
                0x00000295       0x32 /home/trandi/ti/ccsv6/tools/compiler/gcc-arm-none-eabi-4_9-2015q3/bin/../lib/gcc/arm-none-eabi/4.9.3/../../../../arm-none-eabi/lib/armv7e-m/softfp/libc.a(lib_a-impure.o)
 .ARM.attributes
                0x000002c7       0x32 /home/trandi/ti/ccsv6/tools/compiler/gcc-arm-none-eabi-4_9-2015q3/bin/../lib/gcc/arm-none-eabi/4.9.3/../../../../arm-none-eabi/lib/armv7e-m/softfp/libc.a(lib_a-init.o)
 .ARM.attributes
                0x000002f9       0x32 /home/trandi/ti/ccsv6/tools/compiler/gcc-arm-none-eabi-4_9-2015q3/bin/../lib/gcc/arm-none-eabi/4.9.3/../../../../arm-none-eabi/lib/armv7e-m/softfp/libc.a(lib_a-memset.o)
 .ARM.attributes
                0x0000032b       0x32 /home/trandi/ti/ccsv6/tools/compiler/gcc-arm-none-eabi-4_9-2015q3/bin/../lib/gcc/arm-none-eabi/4.9.3/../../../../arm-none-eabi/lib/armv7e-m/softfp/libc.a(lib_a-__call_atexit.o)
 .ARM.attributes
                0x0000035d       0x32 /home/trandi/ti/ccsv6/tools/compiler/gcc-arm-none-eabi-4_9-2015q3/bin/../lib/gcc/arm-none-eabi/4.9.3/../../../../arm-none-eabi/lib/armv7e-m/softfp/libc.a(lib_a-atexit.o)
 .ARM.attributes
                0x0000038f       0x32 /home/trandi/ti/ccsv6/tools/compiler/gcc-arm-none-eabi-4_9-2015q3/bin/../lib/gcc/arm-none-eabi/4.9.3/../../../../arm-none-eabi/lib/armv7e-m/softfp/libc.a(lib_a-fini.o)
 .ARM.attributes
                0x000003c1       0x32 /home/trandi/ti/ccsv6/tools/compiler/gcc-arm-none-eabi-4_9-2015q3/bin/../lib/gcc/arm-none-eabi/4.9.3/../../../../arm-none-eabi/lib/armv7e-m/softfp/libc.a(lib_a-__atexit.o)
 .ARM.attributes
                0x000003f3       0x22 /home/trandi/ti/ccsv6/tools/compiler/gcc-arm-none-eabi-4_9-2015q3/bin/../lib/gcc/arm-none-eabi/4.9.3/armv7e-m/softfp/libgcc.a(_arm_addsubdf3.o)
 .ARM.attributes
                0x00000415       0x22 /home/trandi/ti/ccsv6/tools/compiler/gcc-arm-none-eabi-4_9-2015q3/bin/../lib/gcc/arm-none-eabi/4.9.3/armv7e-m/softfp/libgcc.a(_arm_muldivdf3.o)
 .ARM.attributes
                0x00000437       0x22 /home/trandi/ti/ccsv6/tools/compiler/gcc-arm-none-eabi-4_9-2015q3/bin/../lib/gcc/arm-none-eabi/4.9.3/armv7e-m/softfp/libgcc.a(_arm_fixdfsi.o)
 .ARM.attributes
                0x00000459       0x32 /home/trandi/ti/ccsv6/tools/compiler/gcc-arm-none-eabi-4_9-2015q3/bin/../lib/gcc/arm-none-eabi/4.9.3/../../../../arm-none-eabi/lib/armv7e-m/softfp/libnosys.a(_exit.o)
 .ARM.attributes
                0x0000048b       0x32 /home/trandi/ti/ccsv6/tools/compiler/gcc-arm-none-eabi-4_9-2015q3/bin/../lib/gcc/arm-none-eabi/4.9.3/armv7e-m/softfp/crtend.o
 .ARM.attributes
                0x000004bd       0x22 /home/trandi/ti/ccsv6/tools/compiler/gcc-arm-none-eabi-4_9-2015q3/bin/../lib/gcc/arm-none-eabi/4.9.3/armv7e-m/softfp/crtn.o

.comment        0x00000000       0x9b
 .comment       0x00000000       0x70 ./lm4f120h5qr_startup_ccs_gcc.o
                                 0x71 (size before relaxing)
 .comment       0x00000000       0x71 ./main.o
 .comment       0x00000000       0x71 ./uartstdio.o
 .comment       0x00000070       0x2b /media/trandi/SSD_DATA/progsDan/TI/StellarisWare_LM4F120/driverlib/gcc-cm4f/libdriver-cm4f.a(gpio.o)
                                 0x2c (size before relaxing)
 .comment       0x00000000       0x2c /media/trandi/SSD_DATA/progsDan/TI/StellarisWare_LM4F120/driverlib/gcc-cm4f/libdriver-cm4f.a(interrupt.o)
 .comment       0x00000000       0x2c /media/trandi/SSD_DATA/progsDan/TI/StellarisWare_LM4F120/driverlib/gcc-cm4f/libdriver-cm4f.a(sysctl.o)
 .comment       0x00000000       0x2c /media/trandi/SSD_DATA/progsDan/TI/StellarisWare_LM4F120/driverlib/gcc-cm4f/libdriver-cm4f.a(timer.o)
 .comment       0x00000000       0x2c /media/trandi/SSD_DATA/progsDan/TI/StellarisWare_LM4F120/driverlib/gcc-cm4f/libdriver-cm4f.a(uart.o)
 .comment       0x00000000       0x2c /media/trandi/SSD_DATA/progsDan/TI/StellarisWare_LM4F120/driverlib/gcc-cm4f/libdriver-cm4f.a(cpu.o)

.debug_info     0x00000000      0x774
 .debug_info    0x00000000      0x175 ./lm4f120h5qr_startup_ccs_gcc.o
 .debug_info    0x00000175      0x2b0 ./main.o
 .debug_info    0x00000425      0x34f ./uartstdio.o

.debug_abbrev   0x00000000      0x2ca
 .debug_abbrev  0x00000000       0xca ./lm4f120h5qr_startup_ccs_gcc.o
 .debug_abbrev  0x000000ca       0xfe ./main.o
 .debug_abbrev  0x000001c8      0x102 ./uartstdio.o

.debug_aranges  0x00000000       0xf0
 .debug_aranges
                0x00000000       0x38 ./lm4f120h5qr_startup_ccs_gcc.o
 .debug_aranges
                0x00000038       0x68 ./main.o
 .debug_aranges
                0x000000a0       0x50 ./uartstdio.o

.debug_ranges   0x00000000       0xc0
 .debug_ranges  0x00000000       0x28 ./lm4f120h5qr_startup_ccs_gcc.o
 .debug_ranges  0x00000028       0x58 ./main.o
 .debug_ranges  0x00000080       0x40 ./uartstdio.o

.debug_line     0x00000000      0x4d9
 .debug_line    0x00000000      0x16b ./lm4f120h5qr_startup_ccs_gcc.o
 .debug_line    0x0000016b      0x183 ./main.o
 .debug_line    0x000002ee      0x1eb ./uartstdio.o

.debug_str      0x00000000      0x45d
 .debug_str     0x00000000      0x224 ./lm4f120h5qr_startup_ccs_gcc.o
                                0x261 (size before relaxing)
 .debug_str     0x00000224       0xfc ./main.o
                                0x2b4 (size before relaxing)
 .debug_str     0x00000320      0x13d ./uartstdio.o
                                0x2ad (size before relaxing)

.debug_frame    0x00000000      0x47c
 .debug_frame   0x00000000       0x7c ./lm4f120h5qr_startup_ccs_gcc.o
 .debug_frame   0x0000007c      0x160 ./main.o
 .debug_frame   0x000001dc      0x120 ./uartstdio.o
 .debug_frame   0x000002fc       0x28 /home/trandi/ti/ccsv6/tools/compiler/gcc-arm-none-eabi-4_9-2015q3/bin/../lib/gcc/arm-none-eabi/4.9.3/../../../../arm-none-eabi/lib/armv7e-m/softfp/libc.a(lib_a-exit.o)
 .debug_frame   0x00000324       0x2c /home/trandi/ti/ccsv6/tools/compiler/gcc-arm-none-eabi-4_9-2015q3/bin/../lib/gcc/arm-none-eabi/4.9.3/../../../../arm-none-eabi/lib/armv7e-m/softfp/libc.a(lib_a-init.o)
 .debug_frame   0x00000350       0x34 /home/trandi/ti/ccsv6/tools/compiler/gcc-arm-none-eabi-4_9-2015q3/bin/../lib/gcc/arm-none-eabi/4.9.3/../../../../arm-none-eabi/lib/armv7e-m/softfp/libc.a(lib_a-memset.o)
 .debug_frame   0x00000384       0x50 /home/trandi/ti/ccsv6/tools/compiler/gcc-arm-none-eabi-4_9-2015q3/bin/../lib/gcc/arm-none-eabi/4.9.3/../../../../arm-none-eabi/lib/armv7e-m/softfp/libc.a(lib_a-__call_atexit.o)
 .debug_frame   0x000003d4       0x20 /home/trandi/ti/ccsv6/tools/compiler/gcc-arm-none-eabi-4_9-2015q3/bin/../lib/gcc/arm-none-eabi/4.9.3/../../../../arm-none-eabi/lib/armv7e-m/softfp/libc.a(lib_a-atexit.o)
 .debug_frame   0x000003f4       0x34 /home/trandi/ti/ccsv6/tools/compiler/gcc-arm-none-eabi-4_9-2015q3/bin/../lib/gcc/arm-none-eabi/4.9.3/../../../../arm-none-eabi/lib/armv7e-m/softfp/libc.a(lib_a-fini.o)
 .debug_frame   0x00000428       0x34 /home/trandi/ti/ccsv6/tools/compiler/gcc-arm-none-eabi-4_9-2015q3/bin/../lib/gcc/arm-none-eabi/4.9.3/../../../../arm-none-eabi/lib/armv7e-m/softfp/libc.a(lib_a-__atexit.o)
 .debug_frame   0x0000045c       0x20 /home/trandi/ti/ccsv6/tools/compiler/gcc-arm-none-eabi-4_9-2015q3/bin/../lib/gcc/arm-none-eabi/4.9.3/../../../../arm-none-eabi/lib/armv7e-m/softfp/libnosys.a(_exit.o)
